---
source: ast/src/parser.rs
expression: "Parser ::\nnew(Lexer :: new(\"struct S { a: number, : number, c: number }\")).parse()"
---
Err(
    Diagnostics {
        diagnostics: [
            Diagnostic {
                message: "Unexpected `:`, expected one of (2) identifier, `}`",
                span: 1:23; [22, 23],
                level: Error,
                generated_at: (
                    "ast/src/parser.rs",
                    824,
                ),
            },
        ],
    },
)
