---
source: ast/src/parser.rs
expression: compilation_unit.into_ast()
---
Ok(
    Ast {
        identifiers: [
            IdentId(0) => "<root>",
        ],
        identifier_refs: [],
        expressions: [
            ExprId(0) => Expression {
                id: ExprId(0),
                kind: Literal(
                    Literal {
                        kind: Boolean(true),
                        span: 1:1; [0, 4],
                    },
                ),
                span: 1:1; [0, 4],
            },
        ],
        statements: [
            StmtId(0) => Statement {
                id: StmtId(0),
                kind: Namespace(
                    Identifier {
                        id: IdentId(0),
                        span: 0:0; [0, 0],
                    },
                    None,
                    InputId(0),
                    [
                        StmtId(1),
                    ],
                ),
                span: 0:0; [0, 0],
            },
            StmtId(1) => Statement {
                id: StmtId(1),
                kind: Expression(
                    ExprId(0),
                ),
                span: 1:1; [0, 5],
            },
        ],
        type_defs: [],
        roots: [
            StmtId(0),
        ],
    },
)
