---
source: ast/src/parser.rs
expression: "Parser :: new(Lexer :: new(\"f(;\")).parse()"
---
Err(
    Diagnostics {
        diagnostics: [
            Diagnostic {
                message: "Unexpected `;`, expected one of (10) identifier, number, `true`, `false`, `if`, `while`, `)`, `(`, `-`, `[`",
                span: 1:3; [2, 3],
                level: Error,
            },
        ],
    },
)
