---
source: ast/src/parser.rs
expression: compilation_unit.into_ast()
---
Err(
    Diagnostics {
        diagnostics: [
            Diagnostic {
                message: "Unexpected `:`, expected one of (2) identifier, `}`",
                span: 1:23; [22, 23],
                level: Error,
            },
        ],
        inputs: (),
    },
)
