---
source: ast/src/parser.rs
expression: compilation_unit.into_ast()
---
Err(
    Diagnostics {
        diagnostics: [
            Diagnostic {
                message: "Unexpected identifier(B), expected one of (2) `,`, `>`",
                span: 1:13; [12, 13],
                level: Error,
            },
        ],
        inputs: (),
    },
)
