---
source: ast/src/parser.rs
expression: "Parser::new(Lexer::new(\"if (1 + 1) - Point{} {}\")).parse()"
---
Err(
    Diagnostics {
        diagnostics: [
            Diagnostic {
                message: "Unexpected `{`, expected one of (22) identifier 368, number 369, `true` 371, `false` 372, `let` 374, `ret` 375, `if` 376, `while` 377, `.` 1040, `(` 373, `=` 1098, `*` 1209, `/` 1207, `-` 370, `-` 1203, `+` 1205, `==` 1191, `!=` 1193, `>` 1195, `>=` 1197, `<` 1199, `<=` 1201",
                span: 1:22; [21, 22],
                level: Error,
                generated_at: (
                    "ast/src/parser.rs",
                    364,
                ),
            },
        ],
    },
)
