---
source: ast/src/parser.rs
expression: "Parser::new(Lexer::new(\"^42;\")).parse()"
---
Err(
    Diagnostics {
        diagnostics: [
            Diagnostic {
                message: "Unexpected `^`, expected one of (10) identifier 391, number 392, `true` 394, `false` 395, `let` 397, `ret` 398, `if` 399, `while` 400, `(` 396, `-` 393",
                span: 1:1; [0, 1],
                level: Error,
                generated_at: (
                    "ast/src/parser.rs",
                    387,
                ),
            },
        ],
    },
)
