---
source: ast/src/parser.rs
expression: "Parser::new(Lexer::new(\"S { a: a, b a, c: a };\")).parse()"
---
Err(
    Diagnostics {
        diagnostics: [
            Diagnostic {
                message: "Unexpected identifier(a), expected one of (1) `:`",
                span: 1:13; [12, 13],
                level: Error,
                generated_at: (
                    "ast/src/parser.rs",
                    1668,
                ),
            },
        ],
    },
)
