---
source: ast/src/parser.rs
expression: "Parser::new(Lexer::new(\"if true }\")).parse()"
---
Err(
    Diagnostics {
        diagnostics: [
            Diagnostic {
                message: "Unexpected `}`, expected one of (12) `.` 1039, `{` 1266, `*` 1208, `/` 1206, `-` 1202, `+` 1204, `==` 1190, `!=` 1192, `>` 1194, `>=` 1196, `<` 1198, `<=` 1200",
                span: 1:9; [8, 9],
                level: Error,
                generated_at: (
                    "ast/src/parser.rs",
                    1263,
                ),
            },
        ],
    },
)
