---
source: ast/src/parser.rs
expression: "Parser :: new(Lexer :: new(\"@a1 annotation a2;\")).parse()"
---
Err(
    Diagnostics {
        diagnostics: [
            Diagnostic {
                message: "Annotations not supported on annotations",
                span: 1:1; [0, 3],
                level: Error,
                generated_at: (
                    "ast/src/parser.rs",
                    458,
                ),
            },
        ],
    },
)
