---
source: ast/src/parser.rs
expression: compilation_unit.into_ast()
---
Err(
    Diagnostics {
        diagnostics: [
            Diagnostic {
                message: "Unexpected `]`, expected one of (1) number",
                span: 1:28; [27, 28],
                level: Error,
            },
        ],
        inputs: (),
    },
)
