---
source: ast/src/parser.rs
expression: "Parser::new(Lexer::new(\"S { };\")).parse()"
---
Ok(
    Ast {
        identifiers: [
            "S",
        ],
        identifier_refs: [
            IdentifierRef {
                id: IdentRefId(0),
                ident: Identifier {
                    id: IdentId(0),
                    span: 1:1; [0, 1],
                },
            },
        ],
        expressions: [
            Expression {
                id: ExprId(0),
                kind: StructInstantiation(
                    IdentRefId(0),
                    [],
                ),
                span: 1:1; [0, 5],
            },
        ],
        statements: [
            Statement {
                id: StmtId(0),
                kind: Expression(
                    ExprId(0),
                ),
                span: 1:1; [0, 6],
            },
        ],
        roots: [
            StmtId(0),
        ],
    },
)
