---
source: ast/src/parser.rs
expression: "Parser::new(Lexer::new(\"^42;\")).parse()"
---
Err(
    Diagnostics {
        diagnostics: [
            Diagnostic {
                message: "Unexpected `^`, expected one of (10) identifier 367, number 368, `true` 370, `false` 371, `let` 373, `ret` 374, `if` 375, `while` 376, `(` 372, `-` 369",
                span: 1:1; [0, 1],
                level: Error,
                generated_at: (
                    "ast/src/parser.rs",
                    363,
                ),
            },
        ],
    },
)
