---
source: ast/src/parser.rs
expression: "Parser :: new(Lexer :: new(\"S { a: a }\")).parse()"
---
Err(
    Diagnostics {
        diagnostics: [
            Diagnostic {
                message: "Unexpected `eof`, expected one of (13) `;`, `.`, `*`, `/`, `-`, `+`, `==`, `!=`, `>`, `>=`, `<`, `<=`, `[`",
                span: 1:11; [10, 10],
                level: Error,
                generated_at: (
                    "ast/src/parser.rs",
                    1798,
                ),
            },
        ],
    },
)
