---
source: ast/src/parser.rs
expression: compilation_unit.into_ast()
---
Err(
    Diagnostics {
        diagnostics: [
            Diagnostic {
                message: "Unexpected number(0), expected one of (2) identifier, `>`",
                span: 1:14; [13, 14],
                level: Error,
            },
        ],
        inputs: (),
    },
)
