---
source: ast/src/parser.rs
expression: compilation_unit.into_ast()
---
Err(
    Diagnostics {
        diagnostics: [
            Diagnostic {
                message: "Unexpected `eof`, expected one of (11) identifier, number, string, `true`, `false`, `if`, `while`, `;`, `(`, `-`, `[`",
                span: 1:4; [3, 3],
                level: Error,
            },
        ],
        inputs: (),
    },
)
