---
source: llvm/src/lib.rs
expression: llvm_ir
---
; ModuleID = 'main'
source_filename = "main"

%"Struct#id0" = type { i64 }

@layout_s6Struct = global [2 x i64] zeroinitializer

; Function Attrs: nounwind
declare void @llvm.gcroot(ptr, ptr) #0

declare ptr @gc_malloc(i64, i64)

declare void @gc_run()

declare void @tmc_check_array_index(i64, i64, i64, i64)

declare ptr @tmc_stdlib_string_new(ptr, i64)

declare void @_TM0_5print1s(ptr)

declare void @_TM0_5print1n(i64)

declare void @_TM0_5print1b(i1)

define private void @_glob() {
entry:
  unreachable
}

define i64 @_TM0_1f1s6Struct(ptr %"s#param#sym24#") gc "shadow-stack" {
entry:
  %"s#param#sym24#.field#idx0#sym23#" = getelementptr inbounds %"Struct#id0", ptr %"s#param#sym24#", i32 0, i32 0
  %"s#param#sym24#.field#idx0#sym23#1" = load i64, ptr %"s#param#sym24#.field#idx0#sym23#", align 4
  ret i64 %"s#param#sym24#.field#idx0#sym23#1"
}

attributes #0 = { nounwind }
