---
source: llvm/src/lib.rs
expression: llvm_ir
---
; ModuleID = 'main'
source_filename = "main"

declare void @print(i64)

; Function Attrs: nounwind
declare void @llvm.gcroot(ptr, ptr) #0

declare ptr @gc_malloc(i64)

declare void @gc_run()

define private void @_glob() {
entry:
  unreachable
}

define i1 @f(i64 %"n#param#sym19#") gc "shadow-stack" {
entry:
  br label %cond

cond:                                             ; preds = %body, %entry
  %"lt#" = icmp slt i64 %"n#param#sym19#", 42
  br i1 %"lt#", label %body, label %end_while

body:                                             ; preds = %cond
  %"add#" = add i64 %"n#param#sym19#", 1
  br label %cond

end_while:                                        ; preds = %cond
  ret i1 true
}

attributes #0 = { nounwind }
