---
source: llvm/src/lib.rs
expression: llvm_ir
---
; ModuleID = 'main'
source_filename = "main"

%"S#id0" = type { i64 }

@"gc_callbacks#a1s1S" = global { ptr, ptr } { ptr @"gc_callback#mark#a1s1S", ptr null }

; Function Attrs: nounwind
declare void @llvm.gcroot(ptr, ptr) #0

declare ptr @gc_malloc(i64, i64, ptr)

declare void @gc_run()

declare void @gc_mark(ptr)

declare void @tmc_check_array_index(i64, i64, i64, i64)

declare ptr @tmc_stdlib_string_new(ptr, i64)

define private void @_glob() {
entry:
  unreachable
}

define void @"gc_callback#mark#a1s1S"(ptr %0) {
entry:
  %"local#size" = alloca i64, align 8
  store i64 1, ptr %"local#size", align 4
  br label %cond

cond:                                             ; preds = %body, %entry
  %"local#size1" = load i64, ptr %"local#size", align 4
  %ne0 = icmp ne i64 %"local#size1", 0
  br i1 %ne0, label %body, label %end_while

body:                                             ; preds = %cond
  %index = sub i64 %"local#size1", 1
  store i64 %index, ptr %"local#size", align 4
  %"array[index]_ptr" = getelementptr [1 x ptr], ptr %0, i64 0, i64 %index
  %"array[index]" = load ptr, ptr %"array[index]_ptr", align 8
  call void @gc_mark(ptr %"array[index]")
  br label %cond

end_while:                                        ; preds = %cond
  ret void
}

define i64 @_TM0_1f0() gc "shadow-stack" {
entry:
  %"gcroot#heap#struct#S#id0#" = alloca ptr, align 8
  store ptr null, ptr %"gcroot#heap#struct#S#id0#", align 8
  call void @llvm.gcroot(ptr %"gcroot#heap#struct#S#id0#", ptr null)
  %"a0#local#sym23#" = alloca ptr, align 8
  %"a#local#sym22#" = alloca ptr, align 8
  store ptr null, ptr %"a#local#sym22#", align 8
  call void @llvm.gcroot(ptr %"a#local#sym22#", ptr null)
  store ptr null, ptr %"a0#local#sym23#", align 8
  call void @llvm.gcroot(ptr %"a0#local#sym23#", ptr null)
  %"heap#struct#S#id0#" = call ptr @gc_malloc(i64 ptrtoint (ptr getelementptr (%"S#id0", ptr null, i32 1) to i64), i64 ptrtoint (ptr getelementptr ({ i1, %"S#id0" }, ptr null, i64 0, i32 1) to i64), ptr null)
  store ptr %"heap#struct#S#id0#", ptr %"gcroot#heap#struct#S#id0#", align 8
  %"heap#struct#S#id0#.field#idx0#sym21" = getelementptr inbounds %"S#id0", ptr %"heap#struct#S#id0#", i32 0, i32 0
  store i64 0, ptr %"heap#struct#S#id0#.field#idx0#sym21", align 4
  %"heap#array#" = call ptr @gc_malloc(i64 ptrtoint (ptr getelementptr ([1 x ptr], ptr null, i32 1) to i64), i64 ptrtoint (ptr getelementptr ({ i1, [1 x ptr] }, ptr null, i64 0, i32 1) to i64), ptr @"gc_callbacks#a1s1S")
  %"heap#array#1" = load [1 x ptr], ptr %"heap#array#", align 8
  %"heap#array#[0]#" = insertvalue [1 x ptr] %"heap#array#1", ptr %"heap#struct#S#id0#", 0
  store [1 x ptr] %"heap#array#[0]#", ptr %"heap#array#", align 8
  store ptr %"heap#array#", ptr %"a#local#sym22#", align 8
  call void @gc_run()
  %"a#local#sym22#2" = load ptr, ptr %"a#local#sym22#", align 8
  call void @tmc_check_array_index(i64 0, i64 1, i64 7, i64 24)
  %"array[?]#" = getelementptr [1 x ptr], ptr %"a#local#sym22#2", i64 0, i64 0
  %"array[?]#3" = load ptr, ptr %"array[?]#", align 8
  store ptr %"array[?]#3", ptr %"a0#local#sym23#", align 8
  call void @gc_run()
  %tmp = load ptr, ptr %"a0#local#sym23#", align 8
  %"tmp.field#idx0#sym21#" = getelementptr inbounds %"S#id0", ptr %tmp, i32 0, i32 0
  store i64 1, ptr %"tmp.field#idx0#sym21#", align 4
  call void @gc_run()
  ret i64 1
}

attributes #0 = { nounwind }
