---
source: llvm/src/lib.rs
expression: llvm_ir
---
; ModuleID = 'main'
source_filename = "main"

declare void @print(i64)

; Function Attrs: nounwind
declare void @llvm.gcroot(ptr, ptr) #0

declare ptr @gc_malloc(i64)

declare void @gc_run()

define private void @_glob() {
entry:
  unreachable
}

define void @a(i64 %"n#param#sym19#") gc "shadow-stack" {
entry:
  call void @print(i64 %"n#param#sym19#")
  ret void
}

attributes #0 = { nounwind }
