---
source: llvm/src/lib.rs
expression: llvm_ir
---
; ModuleID = 'main'
source_filename = "main"

; Function Attrs: nounwind
declare void @llvm.gcroot(ptr, ptr) #0

declare ptr @gc_malloc(i64)

declare void @gc_run()

declare void @tmc_check_array_index(i64, i64, i64, i64)

declare void @_TM0_5print1n(i64)

declare void @_TM0_5print1b(i1)

define private void @_glob() {
entry:
  unreachable
}

define i1 @_TM0_1f2bb(i1 %"l#param#sym20#", i1 %"r#param#sym21#") gc "shadow-stack" {
entry:
  %"ne#" = icmp ne i1 %"l#param#sym20#", %"r#param#sym21#"
  ret i1 %"ne#"
}

attributes #0 = { nounwind }
