---
source: hir/src/hir_print.rs
expression: s
---
               +- stmt 0
=    1:     1     +- Namespace name=<root>
                     +- stmt 1
=    2:     1        |  +- Namespace name=core
                     |     +- stmts=[]
                     +- stmt 6
=   12:     7        |  +- Struct name=Point
=   37:     4        |     +- x: number
=   38:     4        |     +- y: number
                     +- stmt 7
=   13:     8        |  +- Struct name=Square
=   39:     7        |     +- a: Point
=   40:     7        |     +- b: Point
                     +- stmt 13
=   36:    19        |  +- Fn name=main
                     |     +- annotations=[]
                     |     +- params=[]
@     :     1        |     +- ret=[]
@     :     2        |     +- body:expr 37
@     :     2        |        +- Block
                     |           +- stmt 8
=   41:     4        |           |  +- Let name=n
@     :     4        |           |     +- expr 6
@     :     4        |           |        +- Call
@     :    17        |           |           +- expr 0
@   34:    17        |           |           |  +- Ident: number_parse
                     |           |           +- params
@     :     6        |           |              +- expr 5
@     :     6        |           |                 +- Call
@     :    15        |           |                    +- expr 1
@   32:    15        |           |                    |  +- Ident: list_get
                     |           |                    +- params
@     :     5        |           |                       +- expr 3
@     :     5        |           |                       |  +- Call
@     :    14        |           |                       |     +- expr 2
@   31:    14        |           |                       |     |  +- Ident: args
                     |           |                       |     +- params=[]
@     :     4        |           |                       +- expr 4
@     :     4        |           |                          +- Number: 1
                     |           +- stmt 9
=   42:     8        |           |  +- Let name=square
@     :     8        |           |     +- expr 13
@   13:     8        |           |        +- StructInstantiate name=Square
@   39:     7        |           |           +- field name=a
@     :     7        |           |           |  +- expr 9
@   12:     7        |           |           |     +- StructInstantiate name=Point
@   37:     4        |           |           |        +- field name=x
@     :     4        |           |           |        |  +- expr 7
@     :     4        |           |           |        |     +- Number: 0
@   38:     4        |           |           |        +- field name=y
@     :     4        |           |           |           +- expr 8
@     :     4        |           |           |              +- Number: 0
@   40:     7        |           |           +- field name=b
@     :     7        |           |              +- expr 12
@   12:     7        |           |                 +- StructInstantiate name=Point
@   37:     4        |           |                    +- field name=x
@     :     4        |           |                    |  +- expr 10
@   41:     4        |           |                    |     +- Ident: n
@   38:     4        |           |                    +- field name=y
@     :     4        |           |                       +- expr 11
@   41:     4        |           |                          +- Ident: n
                     |           +- stmt 10
=   43:     4        |           |  +- Let name=width
@     :     4        |           |     +- expr 20
@     :     4        |           |        +- Call
@     :     9        |           |           +- expr 44
@   17:     9        |           |           |  +- Ident: sub
                     |           |           +- params
@     :     4        |           |              +- expr 16
@   37:     4        |           |              |  +- Access
@     :     7        |           |              |     +- expr 15
@   40:     7        |           |              |     |  +- Access
@     :     8        |           |              |     |     +- expr 14
@   42:     8        |           |              |     |     |  +- Ident: square
@   40:     7        |           |              |     |     +- ident=b
@   37:     4        |           |              |     +- ident=x
@     :     4        |           |              +- expr 19
@   37:     4        |           |                 +- Access
@     :     7        |           |                    +- expr 18
@   39:     7        |           |                    |  +- Access
@     :     8        |           |                    |     +- expr 17
@   42:     8        |           |                    |     |  +- Ident: square
@   39:     7        |           |                    |     +- ident=a
@   37:     4        |           |                    +- ident=x
                     |           +- stmt 11
=   44:     4        |           |  +- Let name=height
@     :     4        |           |     +- expr 27
@     :     4        |           |        +- Call
@     :     9        |           |           +- expr 45
@   17:     9        |           |           |  +- Ident: sub
                     |           |           +- params
@     :     4        |           |              +- expr 23
@   38:     4        |           |              |  +- Access
@     :     7        |           |              |     +- expr 22
@   40:     7        |           |              |     |  +- Access
@     :     8        |           |              |     |     +- expr 21
@   42:     8        |           |              |     |     |  +- Ident: square
@   40:     7        |           |              |     |     +- ident=b
@   38:     4        |           |              |     +- ident=y
@     :     4        |           |              +- expr 26
@   38:     4        |           |                 +- Access
@     :     7        |           |                    +- expr 25
@   39:     7        |           |                    |  +- Access
@     :     8        |           |                    |     +- expr 24
@   42:     8        |           |                    |     |  +- Ident: square
@   39:     7        |           |                    |     +- ident=a
@   38:     4        |           |                    +- ident=y
                     |           +- stmt 12
@     :     1        |              +- Ret
@     :     1        |                 +- expr 36
@     :     1        |                    +- Call
@     :    16        |                       +- expr 28
@   33:    16        |                       |  +- Ident: print
                     |                       +- params
@     :     4        |                          +- expr 35
@     :     4        |                             +- Call
@     :     9        |                                +- expr 48
@   29:     9        |                                |  +- Ident: add
                     |                                +- params
@     :     4        |                                   +- expr 31
@     :     4        |                                   |  +- Call
@     :     9        |                                   |     +- expr 46
@   21:     9        |                                   |     |  +- Ident: mul
                     |                                   |     +- params
@     :     4        |                                   |        +- expr 29
@   43:     4        |                                   |        |  +- Ident: width
@     :     4        |                                   |        +- expr 30
@     :     4        |                                   |           +- Number: 2
@     :     4        |                                   +- expr 34
@     :     4        |                                      +- Call
@     :     9        |                                         +- expr 47
@   21:     9        |                                         |  +- Ident: mul
                     |                                         +- params
@     :     4        |                                            +- expr 32
@   44:     4        |                                            |  +- Ident: height
@     :     4        |                                            +- expr 33
@     :     4        |                                               +- Number: 2
                     +- stmt 20
=    3:     1           +- Namespace name=std
                           +- stmt 14
=   11:     1              |  +- Annotation name=native
                           +- stmt 15
=    4:     1              |  +- Namespace name=booleans
                           |     +- stmt 28
=   30:    13              |        +- Fn name=print (native)
                           |           +- annotations
@   11:     1              |           |  +- std.native
                           |           +- params
=   45:     3              |           |  +- b: core.boolean
@     :     1              |           +- ret=[]
                           +- stmt 16
=    5:     1              |  +- Namespace name=env
                           |     +- stmt 27
=   31:    14              |        +- Fn name=args (native)
                           |           +- annotations
@   11:     1              |           |  +- std.native
                           |           +- params=[]
@     :     5              |           +- ret=std.list.List
                           +- stmt 17
=    6:     1              |  +- Namespace name=list
                           |     +- stmt 25
=    7:     5              |     |  +- Struct name=List (native)
                           |     +- stmt 26
=   32:    15              |        +- Fn name=list_get (native)
                           |           +- annotations
@   11:     1              |           |  +- std.native
                           |           +- params
=   46:     5              |           |  +- list: List
=   47:     4              |           |  +- index: number
@     :     6              |           +- ret=std.str.string
                           +- stmt 18
=    8:     1              |  +- Namespace name=numbers
                           |     +- stmt 23
=   33:    16              |     |  +- Fn name=print (native)
                           |     |     +- annotations
@   11:     1              |     |     |  +- std.native
                           |     |     +- params
=   48:     4              |     |     |  +- n: core.number
@     :     1              |     |     +- ret=[]
                           |     +- stmt 24
=   34:    17              |        +- Fn name=number_parse (native)
                           |           +- annotations
@   11:     1              |           |  +- std.native
                           |           +- params
=   49:     6              |           |  +- s: std.str.string
@     :     2              |           +- ret=core.number
                           +- stmt 19
=    9:     1                 +- Namespace name=str
                                 +- stmt 21
=   10:     6                    |  +- Struct name=string (native)
                                 +- stmt 22
=   35:    18                       +- Fn name=print (native)
                                       +- annotations
@   11:     1                          |  +- std.native
                                       +- params
=   50:     6                          |  +- s: string
@     :     1                          +- ret=[]

--- types ---
0: invalid
1: void
2: none
3: boolean
4: number
5: struct 7
6: struct 10
7: struct 12
8: struct 13
9: f(4, 4) : 4
10: f(4, 4) : 3
11: f(3, 3) : 3
12: f(4) : 4
13: f(3) : 1
14: f() : 5
15: f(5, 4) : 6
16: f(4) : 1
17: f(6) : 4
18: f(6) : 1
19: f() : 1
