---
source: hir/src/hir_print.rs
expression: s
---
               +- stmt 0
=    1:     1     +- Namespace name=<root>
                     +- stmt 1
=    2:     1        |  +- Namespace name=core
                     |     +- stmts=[]
                     +- stmt 6
=   12:     7        |  +- Struct name=Struct
=   36:     4        |     +- field: number
                     +- stmt 10
=   35:    18        |  +- Fn name=main
                     |     +- annotations=[]
                     |     +- params=[]
@     :     1        |     +- ret=[]
@     :     2        |     +- body:expr 17
@     :     2        |        +- Block
                     |           +- stmt 7
=   37:     4        |           |  +- Let name=n
@     :     4        |           |     +- expr 6
@     :     4        |           |        +- Call
@     :    16        |           |           +- callee:expr 0
@   33:    16        |           |           |  +- Ident: number_parse
                     |           |           +- params
@     :     6        |           |              +- expr 5
@     :     6        |           |                 +- Call
@     :    14        |           |                    +- callee:expr 1
@   31:    14        |           |                    |  +- Ident: list_get
                     |           |                    +- params
@     :     5        |           |                       +- expr 3
@     :     5        |           |                       |  +- Call
@     :    13        |           |                       |     +- callee:expr 2
@   30:    13        |           |                       |     |  +- Ident: args
                     |           |                       |     +- params=[]
@     :     4        |           |                       +- expr 4
@     :     4        |           |                          +- Number: 1
                     |           +- stmt 8
=   38:     4        |           |  +- Let name=a
@     :     4        |           |     +- expr 9
@   36:     4        |           |        +- Access
@     :     7        |           |           +- lhs:expr 8
@   12:     7        |           |           |  +- StructInstantiate name=Struct
@   36:     4        |           |           |     +- field name=field
@     :     4        |           |           |        +- expr 7
@   37:     4        |           |           |           +- Ident: n
@   36:     4        |           |           +- ident=field
                     |           +- stmt 9
@     :     1        |              +- Ret
@     :     1        |                 +- expr 16
@     :     1        |                    +- Call
@     :    15        |                       +- callee:expr 10
@   32:    15        |                       |  +- Ident: print
                     |                       +- params
@     :     4        |                          +- expr 15
@     :     4        |                             +- Call
@     :     8        |                                +- callee:expr 24
@   28:     8        |                                |  +- Ident: add
                     |                                +- params
@     :     4        |                                   +- expr 11
@   38:     4        |                                   |  +- Ident: a
@     :     4        |                                   +- expr 14
@   36:     4        |                                      +- Access
@     :     7        |                                         +- lhs:expr 13
@   12:     7        |                                         |  +- StructInstantiate name=Struct
@   36:     4        |                                         |     +- field name=field
@     :     4        |                                         |        +- expr 12
@   37:     4        |                                         |           +- Ident: n
@   36:     4        |                                         +- ident=field
                     +- stmt 17
=    3:     1           +- Namespace name=std
                           +- stmt 11
=   11:     1              |  +- Annotation name=native
                           +- stmt 12
=    4:     1              |  +- Namespace name=booleans
                           |     +- stmt 25
=   29:    12              |        +- Fn name=print (native)
                           |           +- annotations
@   11:     1              |           |  +- std.native
                           |           +- params
=   39:     3              |           |  +- b: core.boolean
@     :     1              |           +- ret=[]
                           +- stmt 13
=    5:     1              |  +- Namespace name=env
                           |     +- stmt 24
=   30:    13              |        +- Fn name=args (native)
                           |           +- annotations
@   11:     1              |           |  +- std.native
                           |           +- params=[]
@     :     5              |           +- ret=std.list.List
                           +- stmt 14
=    6:     1              |  +- Namespace name=list
                           |     +- stmt 22
=    7:     5              |     |  +- Struct name=List (native)
                           |     +- stmt 23
=   31:    14              |        +- Fn name=list_get (native)
                           |           +- annotations
@   11:     1              |           |  +- std.native
                           |           +- params
=   40:     5              |           |  +- list: List
=   41:     4              |           |  +- index: number
@     :     6              |           +- ret=std.str.string
                           +- stmt 15
=    8:     1              |  +- Namespace name=numbers
                           |     +- stmt 20
=   32:    15              |     |  +- Fn name=print (native)
                           |     |     +- annotations
@   11:     1              |     |     |  +- std.native
                           |     |     +- params
=   42:     4              |     |     |  +- n: core.number
@     :     1              |     |     +- ret=[]
                           |     +- stmt 21
=   33:    16              |        +- Fn name=number_parse (native)
                           |           +- annotations
@   11:     1              |           |  +- std.native
                           |           +- params
=   43:     6              |           |  +- s: std.str.string
@     :     2              |           +- ret=core.number
                           +- stmt 16
=    9:     1                 +- Namespace name=str
                                 +- stmt 18
=   10:     6                    |  +- Struct name=string (native)
                                 +- stmt 19
=   34:    17                       +- Fn name=print (native)
                                       +- annotations
@   11:     1                          |  +- std.native
                                       +- params
=   44:     6                          |  +- s: string
@     :     1                          +- ret=[]

--- types ---
0: invalid
1: void
2: none
3: boolean
4: number
5: struct 7
6: struct 10
7: struct 12
8: f(4, 4) : 4
9: f(4, 4) : 3
10: f(3, 3) : 3
11: f(4) : 4
12: f(3) : 1
13: f() : 5
14: f(5, 4) : 6
15: f(4) : 1
16: f(6) : 4
17: f(6) : 1
18: f() : 1
