---
source: mir/src/lib.rs
expression: make_mir(hir)
---
Ok(
    Mir {
        functions: [
            FunctionId(0) => Function {
                identifier: Identifier {
                    id: IdentId(6),
                    span: 3:13; [71, 72],
                },
                symbol_id: SymbolId(20),
                parameters: [],
                variables: {
                    SymbolId(23): Variable {
                        identifier: Identifier {
                            id: IdentId(7),
                            span: 4:17; [93, 94],
                        },
                        symbol_id: SymbolId(23),
                        type_id: TypeId(5),
                        expression: ExprId(2),
                        mutable: false,
                    },
                },
                body: Some(
                    ExprId(3),
                ),
                ret: TypeId(1),
                parent: None,
            },
        ],
        structs: [
            StructId(0) => Struct {
                identifier: Identifier {
                    id: IdentId(1),
                    span: 2:16; [16, 22],
                },
                symbol_id: SymbolId(3),
                fields: Some(
                    [
                        Field {
                            identifier: Identifier {
                                id: IdentId(2),
                                span: 2:25; [25, 31],
                            },
                            index: 0,
                            symbol_id: SymbolId(21),
                            type_id: TypeId(4),
                        },
                        Field {
                            identifier: Identifier {
                                id: IdentId(4),
                                span: 2:41; [41, 47],
                            },
                            index: 1,
                            symbol_id: SymbolId(22),
                            type_id: TypeId(3),
                        },
                    ],
                ),
                parent: None,
            },
        ],
        identifiers: [
            IdentId(0) => "<root>",
            IdentId(1) => "Struct",
            IdentId(2) => "field1",
            IdentId(3) => "number",
            IdentId(4) => "field2",
            IdentId(5) => "boolean",
            IdentId(6) => "f",
            IdentId(7) => "s",
            IdentId(8) => "core",
            IdentId(9) => "add",
            IdentId(10) => "div",
            IdentId(11) => "eq",
            IdentId(12) => "ge",
            IdentId(13) => "gt",
            IdentId(14) => "le",
            IdentId(15) => "lt",
            IdentId(16) => "mul",
            IdentId(17) => "neg",
            IdentId(18) => "neq",
            IdentId(19) => "sub",
            IdentId(20) => "void",
        ],
        expressions: [
            ExprId(0) => Expression {
                id: ExprId(0),
                kind: Literal(
                    Literal {
                        kind: Boolean(
                            true,
                        ),
                        span: 4:38; [114, 118],
                    },
                ),
                span: 4:38; [114, 118],
                type_id: TypeId(3),
            },
            ExprId(1) => Expression {
                id: ExprId(1),
                kind: Literal(
                    Literal {
                        kind: Number(
                            1,
                        ),
                        span: 4:52; [128, 129],
                    },
                ),
                span: 4:52; [128, 129],
                type_id: TypeId(4),
            },
            ExprId(2) => Expression {
                id: ExprId(2),
                kind: StructInstantiation(
                    SymbolId(3),
                    StructId(0),
                    [
                        (
                            SymbolId(21),
                            ExprId(1),
                        ),
                        (
                            SymbolId(22),
                            ExprId(0),
                        ),
                    ],
                ),
                span: 4:21; [97, 131],
                type_id: TypeId(5),
            },
            ExprId(3) => Expression {
                id: ExprId(3),
                kind: Block(
                    [
                        StmtId(2),
                        StmtId(5),
                    ],
                ),
                span: 3:17; [75, 142],
                type_id: TypeId(2),
            },
            ExprId(4) => Expression {
                id: ExprId(4),
                kind: Assignment(
                    Direct(
                        SymbolId(23),
                    ),
                    ExprId(2),
                ),
                span: 4:21; [97, 131],
                type_id: TypeId(5),
            },
        ],
        statements: [
            StmtId(2) => Statement {
                id: StmtId(2),
                kind: Expression(
                    ExprId(4),
                ),
                span: 4:13; [89, 132],
            },
            StmtId(5) => Statement {
                id: StmtId(5),
                kind: Ret(
                    None,
                ),
                span: 0:0; [0, 0],
            },
        ],
        symbols: [
            SymbolId(3) => Symbol {
                id: SymbolId(3),
                kind: Struct,
                type_id: TypeId(5),
                ident_id: IdentId(1),
            },
            SymbolId(4) => Symbol {
                id: SymbolId(4),
                kind: NativeType(
                    IdentId(20),
                    Void,
                ),
                type_id: TypeId(2),
                ident_id: IdentId(20),
            },
            SymbolId(5) => Symbol {
                id: SymbolId(5),
                kind: NativeType(
                    IdentId(3),
                    Number,
                ),
                type_id: TypeId(2),
                ident_id: IdentId(3),
            },
            SymbolId(6) => Symbol {
                id: SymbolId(6),
                kind: NativeType(
                    IdentId(5),
                    Boolean,
                ),
                type_id: TypeId(2),
                ident_id: IdentId(5),
            },
            SymbolId(7) => Symbol {
                id: SymbolId(7),
                kind: Native(
                    IdentId(19),
                    [
                        TypeId(4),
                        TypeId(4),
                    ],
                    TypeId(4),
                    SubNumberNumber,
                ),
                type_id: TypeId(6),
                ident_id: IdentId(19),
            },
            SymbolId(8) => Symbol {
                id: SymbolId(8),
                kind: Native(
                    IdentId(18),
                    [
                        TypeId(4),
                        TypeId(4),
                    ],
                    TypeId(3),
                    NeqNumberNumber,
                ),
                type_id: TypeId(7),
                ident_id: IdentId(18),
            },
            SymbolId(9) => Symbol {
                id: SymbolId(9),
                kind: Native(
                    IdentId(18),
                    [
                        TypeId(3),
                        TypeId(3),
                    ],
                    TypeId(3),
                    NeqBooleanBoolean,
                ),
                type_id: TypeId(8),
                ident_id: IdentId(18),
            },
            SymbolId(10) => Symbol {
                id: SymbolId(10),
                kind: Native(
                    IdentId(17),
                    [
                        TypeId(4),
                    ],
                    TypeId(4),
                    NegNumber,
                ),
                type_id: TypeId(9),
                ident_id: IdentId(17),
            },
            SymbolId(11) => Symbol {
                id: SymbolId(11),
                kind: Native(
                    IdentId(16),
                    [
                        TypeId(4),
                        TypeId(4),
                    ],
                    TypeId(4),
                    MulNumberNumber,
                ),
                type_id: TypeId(6),
                ident_id: IdentId(16),
            },
            SymbolId(12) => Symbol {
                id: SymbolId(12),
                kind: Native(
                    IdentId(15),
                    [
                        TypeId(4),
                        TypeId(4),
                    ],
                    TypeId(3),
                    LtNumberNumber,
                ),
                type_id: TypeId(7),
                ident_id: IdentId(15),
            },
            SymbolId(13) => Symbol {
                id: SymbolId(13),
                kind: Native(
                    IdentId(14),
                    [
                        TypeId(4),
                        TypeId(4),
                    ],
                    TypeId(3),
                    LeNumberNumber,
                ),
                type_id: TypeId(7),
                ident_id: IdentId(14),
            },
            SymbolId(14) => Symbol {
                id: SymbolId(14),
                kind: Native(
                    IdentId(13),
                    [
                        TypeId(4),
                        TypeId(4),
                    ],
                    TypeId(3),
                    GtNumberNumber,
                ),
                type_id: TypeId(7),
                ident_id: IdentId(13),
            },
            SymbolId(15) => Symbol {
                id: SymbolId(15),
                kind: Native(
                    IdentId(12),
                    [
                        TypeId(4),
                        TypeId(4),
                    ],
                    TypeId(3),
                    GeNumberNumber,
                ),
                type_id: TypeId(7),
                ident_id: IdentId(12),
            },
            SymbolId(16) => Symbol {
                id: SymbolId(16),
                kind: Native(
                    IdentId(11),
                    [
                        TypeId(4),
                        TypeId(4),
                    ],
                    TypeId(3),
                    EqNumberNumber,
                ),
                type_id: TypeId(7),
                ident_id: IdentId(11),
            },
            SymbolId(17) => Symbol {
                id: SymbolId(17),
                kind: Native(
                    IdentId(11),
                    [
                        TypeId(3),
                        TypeId(3),
                    ],
                    TypeId(3),
                    EqBooleanBoolean,
                ),
                type_id: TypeId(8),
                ident_id: IdentId(11),
            },
            SymbolId(18) => Symbol {
                id: SymbolId(18),
                kind: Native(
                    IdentId(10),
                    [
                        TypeId(4),
                        TypeId(4),
                    ],
                    TypeId(4),
                    DivNumberNumber,
                ),
                type_id: TypeId(6),
                ident_id: IdentId(10),
            },
            SymbolId(19) => Symbol {
                id: SymbolId(19),
                kind: Native(
                    IdentId(9),
                    [
                        TypeId(4),
                        TypeId(4),
                    ],
                    TypeId(4),
                    AddNumberNumber,
                ),
                type_id: TypeId(6),
                ident_id: IdentId(9),
            },
            SymbolId(20) => Symbol {
                id: SymbolId(20),
                kind: LetFn(
                    [],
                    TypeId(1),
                ),
                type_id: TypeId(10),
                ident_id: IdentId(6),
            },
            SymbolId(21) => Symbol {
                id: SymbolId(21),
                kind: Field(
                    IdentId(2),
                    0,
                ),
                type_id: TypeId(4),
                ident_id: IdentId(2),
            },
            SymbolId(22) => Symbol {
                id: SymbolId(22),
                kind: Field(
                    IdentId(4),
                    1,
                ),
                type_id: TypeId(3),
                ident_id: IdentId(4),
            },
            SymbolId(23) => Symbol {
                id: SymbolId(23),
                kind: Let,
                type_id: TypeId(5),
                ident_id: IdentId(7),
            },
        ],
        types: [
            TypeId(1) => Void,
            TypeId(2) => None,
            TypeId(3) => Boolean,
            TypeId(4) => Number,
            TypeId(5) => Struct(
                SymbolId(3),
                StructId(0),
            ),
            TypeId(6) => Function(
                [
                    TypeId(4),
                    TypeId(4),
                ],
                TypeId(4),
            ),
            TypeId(7) => Function(
                [
                    TypeId(4),
                    TypeId(4),
                ],
                TypeId(3),
            ),
            TypeId(8) => Function(
                [
                    TypeId(3),
                    TypeId(3),
                ],
                TypeId(3),
            ),
            TypeId(9) => Function(
                [
                    TypeId(4),
                ],
                TypeId(4),
            ),
            TypeId(10) => Function(
                [],
                TypeId(1),
            ),
        ],
    },
)
