---
source: codegen/c/src/lib.rs
expression: c.unwrap()
---
// Begin program code

#include <stdbool.h>
#include <stdint.h>
#include <stdlib.h>

// Generated struct declarations


// Generated struct definitions


// Generated function declarations
void _TM0_F1f1n(void *parent_frame, int64_t n_20);

// Generated function frames
typedef struct {
  void *parent;
  union {
    void *pointers[3];
    struct {
      bool e12;
      int64_t e17;
    };
  };
} _TM0_F1f1n__frame;

// Generated function declarations
void _TM0_F1f1n(void *parent_frame, int64_t n_20)
{
  // prelude
  _TM0_F1f1n__frame me = (_TM0_F1f1n__frame){0};
  me.parent = parent_frame;

  {
    if (n_20 == 1) {
      me.e12 = 1 == 1;
    }
    else {
      me.e12 = 1 == 2;
    }
    if (me.e12) {
      me.e17 = 1;
    }
    else {
      me.e17 = 2;
    }
    n_20 + me.e17;
    return;
  }
}

// End program code
