---
source: src/ast.rs
expression: "&xml"
---
<?xml version="1.0" encoding="utf-8"?>
<unit>
  <ast>
    <identifiers>
      <ident id="ident:0">x_1</ident>
      <ident id="ident:1">f_1</ident>
      <ident id="ident:2">p_1</ident>
      <ident id="ident:3">number</ident>
      <ident id="ident:4">boolean</ident>
      <ident id="ident:5">x_2</ident>
      <ident id="ident:6">f_2</ident>
      <ident id="ident:7">p_2</ident>
      <ident id="ident:8">add</ident>
      <ident id="ident:9">div</ident>
      <ident id="ident:10">eq</ident>
      <ident id="ident:11">ge</ident>
      <ident id="ident:12">gt</ident>
      <ident id="ident:13">le</ident>
      <ident id="ident:14">lt</ident>
      <ident id="ident:15">mul</ident>
      <ident id="ident:16">neg</ident>
      <ident id="ident:17">neq</ident>
      <ident id="ident:18">sub</ident>
      <ident id="ident:19">void</ident>
    </identifiers>
    <stmt id="stmt:0" line="1" column="1" start="0" len="12">
      <let>
        <identifier ref="ident:0" line="1" column="5" start="4" len="3">x_1</identifier>
        <expression line="1" column="11" start="10" len="1">
          <expr id="expr:0" line="1" column="11" start="10" len="1">
            <number>0</number>
          </expr>
        </expression>
      </let>
    </stmt>
    <stmt id="stmt:2" line="1" column="14" start="13" len="45">
      <fn>
        <identifier ref="ident:1" line="1" column="18" start="17" len="3">f_1</identifier>
        <type ref="ident:4" line="1" column="36" start="35" len="7">boolean</type>
        <parameters>
          <parameter id="stmt:2:0" line="1" column="22" start="21" len="11">
            <name ref="ident:2" line="1" column="22" start="21" len="3">p_1</name>
            <type ref="ident:3" line="1" column="27" start="26" len="6">number</type>
          </parameter>
        </parameters>
        <body line="1" column="46" start="45" len="13">
          <expr id="expr:4" line="1" column="46" start="45" len="13">
            <block>
              <stmt id="stmt:1" line="1" column="48" start="47" len="9">
                <ret mode="implicit" line="1" column="48" start="47" len="9">
                  <expr id="expr:3" line="1" column="48" start="47" len="8">
                    <call line="1" column="48" start="47" len="8" ident-ref="ident:10" name="eq" target-id="native:eq:number:number:boolean">
                      <parameters>
                        <parameter>
                          <expr id="expr:1" line="1" column="48" start="47" len="3">
                            <identifier-ref id="ident-ref:0" ident-ref="ident:2" target-id="stmt:2:0" type-ref="">p_1</identifier-ref>
                          </expr>
                        </parameter>
                        <parameter>
                          <expr id="expr:2" line="1" column="55" start="54" len="1">
                            <number>1</number>
                          </expr>
                        </parameter>
                      </parameters>
                    </call>
                  </expr>
                </ret>
              </stmt>
            </block>
          </expr>
        </body>
      </fn>
    </stmt>
    <stmt id="stmt:3" line="1" column="60" start="59" len="9">
      <expr id="expr:6" line="1" column="60" start="59" len="8">
        <call line="1" column="60" start="59" len="8" ident-ref="ident:1" name="f_1" target-id="stmt:2">
          <parameters>
            <parameter>
              <expr id="expr:5" line="1" column="64" start="63" len="3">
                <identifier-ref id="ident-ref:1" ident-ref="ident:0" target-id="stmt:0" type-ref="">x_1</identifier-ref>
              </expr>
            </parameter>
          </parameters>
        </call>
      </expr>
    </stmt>
    <stmt id="stmt:4" line="1" column="1" start="0" len="12">
      <let>
        <identifier ref="ident:5" line="1" column="5" start="4" len="3">x_2</identifier>
        <expression line="1" column="11" start="10" len="1">
          <expr id="expr:7" line="1" column="11" start="10" len="1">
            <number>0</number>
          </expr>
        </expression>
      </let>
    </stmt>
    <stmt id="stmt:6" line="1" column="14" start="13" len="45">
      <fn>
        <identifier ref="ident:6" line="1" column="18" start="17" len="3">f_2</identifier>
        <type ref="ident:4" line="1" column="36" start="35" len="7">boolean</type>
        <parameters>
          <parameter id="stmt:6:0" line="1" column="22" start="21" len="11">
            <name ref="ident:7" line="1" column="22" start="21" len="3">p_2</name>
            <type ref="ident:3" line="1" column="27" start="26" len="6">number</type>
          </parameter>
        </parameters>
        <body line="1" column="46" start="45" len="13">
          <expr id="expr:11" line="1" column="46" start="45" len="13">
            <block>
              <stmt id="stmt:5" line="1" column="48" start="47" len="9">
                <ret mode="implicit" line="1" column="48" start="47" len="9">
                  <expr id="expr:10" line="1" column="48" start="47" len="8">
                    <call line="1" column="48" start="47" len="8" ident-ref="ident:10" name="eq" target-id="native:eq:number:number:boolean">
                      <parameters>
                        <parameter>
                          <expr id="expr:8" line="1" column="48" start="47" len="3">
                            <identifier-ref id="ident-ref:3" ident-ref="ident:7" target-id="stmt:6:0" type-ref="">p_2</identifier-ref>
                          </expr>
                        </parameter>
                        <parameter>
                          <expr id="expr:9" line="1" column="55" start="54" len="1">
                            <number>2</number>
                          </expr>
                        </parameter>
                      </parameters>
                    </call>
                  </expr>
                </ret>
              </stmt>
            </block>
          </expr>
        </body>
      </fn>
    </stmt>
    <stmt id="stmt:7" line="1" column="60" start="59" len="9">
      <expr id="expr:13" line="1" column="60" start="59" len="8">
        <call line="1" column="60" start="59" len="8" ident-ref="ident:6" name="f_2" target-id="stmt:6">
          <parameters>
            <parameter>
              <expr id="expr:12" line="1" column="64" start="63" len="3">
                <identifier-ref id="ident-ref:4" ident-ref="ident:5" target-id="stmt:4" type-ref="">x_2</identifier-ref>
              </expr>
            </parameter>
          </parameters>
        </call>
      </expr>
    </stmt>
  </ast>
</unit>
