---
source: src/parser.rs
expression: "Parser::new(Lexer::new(\"1 + ;\")).parse()"
---
(
    Ast {
        identifiers: [],
        identifier_refs: [],
        expressions: [
            Expression {
                id: ExprId {
                    id: 0,
                },
                kind: Literal(
                    Literal {
                        kind: Number(
                            1,
                        ),
                        span: 1:1; [0, 1],
                    },
                ),
                span: 1:1; [0, 1],
            },
            Expression {
                id: ExprId {
                    id: 1,
                },
                kind: Dummy,
                span: 1:5; [4, 4],
            },
            Expression {
                id: ExprId {
                    id: 2,
                },
                kind: Binary(
                    ExprId {
                        id: 0,
                    },
                    BinaryOperator {
                        kind: Addition,
                        span: 1:3; [2, 3],
                    },
                    ExprId {
                        id: 1,
                    },
                ),
                span: 1:1; [0, 4],
            },
        ],
        statements: [
            Statement {
                id: StmtId {
                    id: 0,
                },
                kind: Expression(
                    ExprId {
                        id: 2,
                    },
                ),
                span: 1:1; [0, 5],
            },
        ],
        root: [
            StmtId {
                id: 0,
            },
        ],
        implicit_ret: PhantomData<transmute::ast::WithImplicitRet>,
    },
    Diagnostics {
        diagnostics: [
            Diagnostic {
                message: "Unexpected `;`, expected one of identifier, number, `true`, `false`, `if`, `while`, `(`, `-`",
                span: 1:5; [4, 5],
                level: Error,
                generated_at: (
                    "src/parser.rs",
                    544,
                ),
            },
        ],
    },
)
