---
source: src/parser.rs
expression: "Parser::new(Lexer::new(\"while { }\")).parse()"
---
Err(
    Diagnostics {
        diagnostics: [
            Diagnostic {
                message: "Unexpected `{`, expected one of (8) identifier 933, number 934, `true` 936, `false` 937, `if` 931, `while` 932, `(` 938, `-` 935",
                span: 1:7; [6, 7],
                level: Error,
                generated_at: (
                    "src/parser.rs",
                    927,
                ),
            },
        ],
    },
)
