---
source: src/parser.rs
expression: "Parser::new(Lexer::new(\"ret 42;\")).parse()"
---
Ok(
    Ast {
        identifiers: [],
        identifier_refs: [],
        expressions: [
            Expression {
                id: ExprId(0),
                kind: Literal(
                    Literal {
                        kind: Number(42),
                        span: 1:5; [4, 6],
                    },
                ),
                span: 1:5; [4, 6],
            },
        ],
        statements: [
            Statement {
                id: StmtId(0),
                kind: Ret(
                    ExprId(0),
                    Explicit,
                ),
                span: 1:1; [0, 7],
            },
        ],
        roots: [
            StmtId(0),
        ],
    },
)
