---
source: src/parser.rs
expression: "Parser::new(Lexer::new(\"let x(,n:i,,m:j,) = { }\")).parse()"
---
Err(
    Diagnostics {
        diagnostics: [
            Diagnostic {
                message: "Unexpected `,`, expected one of identifier, `)`",
                span: 1:7; [6, 7],
                level: Error,
                generated_at: (
                    "src/parser.rs",
                    359,
                ),
            },
            Diagnostic {
                message: "Unexpected `,`, expected one of identifier, `)`",
                span: 1:12; [11, 12],
                level: Error,
                generated_at: (
                    "src/parser.rs",
                    359,
                ),
            },
        ],
    },
)
