---
source: src/parser.rs
expression: "Parser::new(Lexer::new(\"while true }\")).parse()"
---
Err(
    Diagnostics {
        diagnostics: [
            Diagnostic {
                message: "Unexpected `}`, expected one of (12) `.` 1042, `{` 1356, `*` 1211, `/` 1209, `-` 1205, `+` 1207, `==` 1193, `!=` 1195, `>` 1197, `>=` 1199, `<` 1201, `<=` 1203",
                span: 1:12; [11, 12],
                level: Error,
                generated_at: (
                    "src/parser.rs",
                    1353,
                ),
            },
        ],
    },
)
