---
source: src/xml.rs
expression: "&xml"
---
<?xml version="1.0" encoding="utf-8"?>
<ast>
  <stmt id="stmt:1" line="1" column="1" start="0" len="17">
    <fn>
      <identifier id="ident:0" line="1" column="5" start="4" len="1">f</identifier>
      <parameters>
        <parameter id="ident:1" line="1" column="7" start="6" len="1">n</parameter>
      </parameters>
      <body line="1" column="12" start="11" len="6">
        <stmt id="stmt:0" line="1" column="12" start="11" len="6">
          <binary operator="*" line="1" column="12" start="11" len="5">
            <left>
              <identifier-ref id="ident-ref:0" ident-ref="ident:1" target-id="ident:1">n</identifier-ref>
            </left>
            <right>
              <number line="1" column="16" start="15" len="1">2</number>
            </right>
          </binary>
        </stmt>
      </body>
    </fn>
  </stmt>
</ast>
