---
source: src/parser.rs
expression: "Parser::new(Lexer::new(\"let forty_two = 42\")).parse()"
---
Err(
    Diagnostics {
        diagnostics: [
            Diagnostic {
                message: "Unexpected `eof`, expected one of `;`, `.`, `*`, `/`, `-`, `+`, `==`, `!=`, `>`, `>=`, `<`, `<=`",
                span: 1:19; [18, 18],
                level: Error,
                generated_at: (
                    "src/parser.rs",
                    1340,
                ),
            },
        ],
    },
)
