---
source: hir/src/passes/resolver.rs
expression: resolved_hir
---
Err(
    Diagnostics {
        diagnostics: [
            Diagnostic {
                message: "No function 'n' found for parameters of types ()",
                span: 1:13; [12, 13],
                level: Error,
            },
        ],
        inputs: (),
    },
)
