---
source: hir/src/passes/resolver.rs
expression: resolved_hir
---
Err(
    Diagnostics {
        diagnostics: [
            Diagnostic {
                message: "Condition expected to be of type boolean, got no type",
                span: 1:7; [6, 42],
                level: Error,
            },
        ],
        inputs: (),
    },
)
