---
source: hir/src/passes/resolver.rs
expression: resolved_hir
---
Ok(
    Hir {
        identifiers: [
            IdentId(0) => "<root>",
            IdentId(1) => "f",
            IdentId(2) => "core",
            IdentId(3) => "add",
            IdentId(4) => "boolean",
            IdentId(5) => "div",
            IdentId(6) => "eq",
            IdentId(7) => "ge",
            IdentId(8) => "gt",
            IdentId(9) => "le",
            IdentId(10) => "lt",
            IdentId(11) => "mul",
            IdentId(12) => "neg",
            IdentId(13) => "neq",
            IdentId(14) => "number",
            IdentId(15) => "sub",
            IdentId(16) => "void",
        ],
        identifier_refs: [],
        expressions: [
            ExprId(0) => Expression {
                id: ExprId(0),
                kind: Block(
                    [
                        StmtId(1),
                    ],
                ),
                span: 1:9; [8, 16],
                type_id: TypeId(2),
            },
        ],
        statements: [
            StmtId(0) => Statement {
                id: StmtId(0),
                kind: Namespace(
                    Identifier {
                        id: IdentId(0),
                        span: 0:0; [0, 0],
                        symbol_id: SymbolId(1),
                    },
                    InputId(0),
                    [
                        StmtId(2),
                        StmtId(3),
                    ],
                ),
                span: 0:0; [0, 0],
            },
            StmtId(1) => Statement {
                id: StmtId(1),
                kind: Ret(
                    None,
                    Explicit,
                ),
                span: 1:11; [10, 14],
            },
            StmtId(2) => Statement {
                id: StmtId(2),
                kind: LetFn(
                    Identifier {
                        id: IdentId(1),
                        span: 1:5; [4, 5],
                        symbol_id: SymbolId(19),
                    },
                    [],
                    [],
                    Return {
                        type_def_id: None,
                        typed_id: TypeId(1),
                    },
                    Provided(
                        ExprId(0),
                    ),
                    None,
                ),
                span: 1:1; [0, 16],
            },
            StmtId(3) => Statement {
                id: StmtId(3),
                kind: Namespace(
                    Identifier {
                        id: IdentId(2),
                        span: 2:11; [27, 31],
                        symbol_id: SymbolId(2),
                    },
                    InputId(0),
                    [],
                ),
                span: 2:17; [33, 34],
            },
        ],
        type_defs: [],
        root: StmtId(0),
        symbols: [
            SymbolId(0) => Symbol {
                id: SymbolId(0),
                kind: NotFound,
                type_id: TypeId(0),
            },
            SymbolId(1) => Symbol {
                id: SymbolId(1),
                kind: Namespace(
                    IdentId(0),
                    {
                        IdentId(1): [
                            SymbolId(19),
                        ],
                        IdentId(2): [
                            SymbolId(2),
                        ],
                    },
                ),
                type_id: TypeId(1),
            },
            SymbolId(2) => Symbol {
                id: SymbolId(2),
                kind: Namespace(
                    IdentId(2),
                    {
                        IdentId(3): [
                            SymbolId(18),
                        ],
                        IdentId(4): [
                            SymbolId(5),
                        ],
                        IdentId(5): [
                            SymbolId(17),
                        ],
                        IdentId(6): [
                            SymbolId(15),
                            SymbolId(16),
                        ],
                        IdentId(7): [
                            SymbolId(14),
                        ],
                        IdentId(8): [
                            SymbolId(13),
                        ],
                        IdentId(9): [
                            SymbolId(12),
                        ],
                        IdentId(10): [
                            SymbolId(11),
                        ],
                        IdentId(11): [
                            SymbolId(10),
                        ],
                        IdentId(12): [
                            SymbolId(9),
                        ],
                        IdentId(13): [
                            SymbolId(7),
                            SymbolId(8),
                        ],
                        IdentId(14): [
                            SymbolId(4),
                        ],
                        IdentId(15): [
                            SymbolId(6),
                        ],
                        IdentId(16): [
                            SymbolId(3),
                        ],
                    },
                ),
                type_id: TypeId(1),
            },
            SymbolId(3) => Symbol {
                id: SymbolId(3),
                kind: NativeType(
                    IdentId(16),
                    Void,
                ),
                type_id: TypeId(2),
            },
            SymbolId(4) => Symbol {
                id: SymbolId(4),
                kind: NativeType(
                    IdentId(14),
                    Number,
                ),
                type_id: TypeId(2),
            },
            SymbolId(5) => Symbol {
                id: SymbolId(5),
                kind: NativeType(
                    IdentId(4),
                    Boolean,
                ),
                type_id: TypeId(2),
            },
            SymbolId(6) => Symbol {
                id: SymbolId(6),
                kind: Native(
                    IdentId(15),
                    [
                        TypeId(4),
                        TypeId(4),
                    ],
                    TypeId(4),
                    SubNumberNumber,
                ),
                type_id: TypeId(6),
            },
            SymbolId(7) => Symbol {
                id: SymbolId(7),
                kind: Native(
                    IdentId(13),
                    [
                        TypeId(4),
                        TypeId(4),
                    ],
                    TypeId(3),
                    NeqNumberNumber,
                ),
                type_id: TypeId(7),
            },
            SymbolId(8) => Symbol {
                id: SymbolId(8),
                kind: Native(
                    IdentId(13),
                    [
                        TypeId(3),
                        TypeId(3),
                    ],
                    TypeId(3),
                    NeqBooleanBoolean,
                ),
                type_id: TypeId(8),
            },
            SymbolId(9) => Symbol {
                id: SymbolId(9),
                kind: Native(
                    IdentId(12),
                    [
                        TypeId(4),
                    ],
                    TypeId(4),
                    NegNumber,
                ),
                type_id: TypeId(9),
            },
            SymbolId(10) => Symbol {
                id: SymbolId(10),
                kind: Native(
                    IdentId(11),
                    [
                        TypeId(4),
                        TypeId(4),
                    ],
                    TypeId(4),
                    MulNumberNumber,
                ),
                type_id: TypeId(6),
            },
            SymbolId(11) => Symbol {
                id: SymbolId(11),
                kind: Native(
                    IdentId(10),
                    [
                        TypeId(4),
                        TypeId(4),
                    ],
                    TypeId(3),
                    LtNumberNumber,
                ),
                type_id: TypeId(7),
            },
            SymbolId(12) => Symbol {
                id: SymbolId(12),
                kind: Native(
                    IdentId(9),
                    [
                        TypeId(4),
                        TypeId(4),
                    ],
                    TypeId(3),
                    LeNumberNumber,
                ),
                type_id: TypeId(7),
            },
            SymbolId(13) => Symbol {
                id: SymbolId(13),
                kind: Native(
                    IdentId(8),
                    [
                        TypeId(4),
                        TypeId(4),
                    ],
                    TypeId(3),
                    GtNumberNumber,
                ),
                type_id: TypeId(7),
            },
            SymbolId(14) => Symbol {
                id: SymbolId(14),
                kind: Native(
                    IdentId(7),
                    [
                        TypeId(4),
                        TypeId(4),
                    ],
                    TypeId(3),
                    GeNumberNumber,
                ),
                type_id: TypeId(7),
            },
            SymbolId(15) => Symbol {
                id: SymbolId(15),
                kind: Native(
                    IdentId(6),
                    [
                        TypeId(4),
                        TypeId(4),
                    ],
                    TypeId(3),
                    EqNumberNumber,
                ),
                type_id: TypeId(7),
            },
            SymbolId(16) => Symbol {
                id: SymbolId(16),
                kind: Native(
                    IdentId(6),
                    [
                        TypeId(3),
                        TypeId(3),
                    ],
                    TypeId(3),
                    EqBooleanBoolean,
                ),
                type_id: TypeId(8),
            },
            SymbolId(17) => Symbol {
                id: SymbolId(17),
                kind: Native(
                    IdentId(5),
                    [
                        TypeId(4),
                        TypeId(4),
                    ],
                    TypeId(4),
                    DivNumberNumber,
                ),
                type_id: TypeId(6),
            },
            SymbolId(18) => Symbol {
                id: SymbolId(18),
                kind: Native(
                    IdentId(3),
                    [
                        TypeId(4),
                        TypeId(4),
                    ],
                    TypeId(4),
                    AddNumberNumber,
                ),
                type_id: TypeId(6),
            },
            SymbolId(19) => Symbol {
                id: SymbolId(19),
                kind: LetFn(
                    IdentId(1),
                    StmtId(2),
                    [],
                    TypeId(1),
                ),
                type_id: TypeId(10),
            },
        ],
        types: [
            TypeId(0) => Invalid,
            TypeId(1) => Void,
            TypeId(2) => None,
            TypeId(3) => Boolean,
            TypeId(4) => Number,
            TypeId(5) => Type,
            TypeId(6) => Function(
                [
                    TypeId(4),
                    TypeId(4),
                ],
                TypeId(4),
            ),
            TypeId(7) => Function(
                [
                    TypeId(4),
                    TypeId(4),
                ],
                TypeId(3),
            ),
            TypeId(8) => Function(
                [
                    TypeId(3),
                    TypeId(3),
                ],
                TypeId(3),
            ),
            TypeId(9) => Function(
                [
                    TypeId(4),
                ],
                TypeId(4),
            ),
            TypeId(10) => Function(
                [],
                TypeId(1),
            ),
        ],
        exit_points: ExitPoints {
            exit_points: {
                ExprId(0): [
                    Explicit(
                        None,
                    ),
                ],
            },
            unreachable: [],
        },
    },
)
