---
source: hir/src/passes/resolver.rs
expression: resolved_hir
---
Err(
    Diagnostics {
        diagnostics: [
            Diagnostic {
                message: "RHS expected to be of type number, got void",
                span: 1:46; [45, 48],
                level: Error,
            },
        ],
        inputs: (),
    },
)
