---
source: compiler/tests/arrays_if.rs
expression: "format!(\"success:{}\\nstdout:\\n{}\\n\\nstderr:\\n{}\", output.status.success(),\n    String :: from_utf8(output.stdout).unwrap(), String ::\n    from_utf8(output.stderr).unwrap())"
---
success:true
stdout:
Initialize GC with log level: 2
Allocate test GC memory pool (16416 bytes): mmap returned 0x10000 (Success)

Start GC
Phase: init.
Phase: mark
  frame 0 (2 roots):
    root 0: skipped (nil)
    root 1: skipped (nil)
Phase: sweep
allocated collectable block of size 112 at 0x10010, returning object of size 80:8 at 0x10030(+32)
main(0) = 0

Start GC
Phase: init.
  block at 0x10010 (object of size 80 at 0x10030): unreachable
Phase: mark
  frame 0 (2 roots):
    root 0: skipped (nil)
    root 1: skipped (nil)
Phase: sweep
  block at 0x10010 (object of size 80 at 0x10030): unreachable
freeing block at 0x10010 (object size: 80)
allocated collectable block of size 112 at 0x10080, returning object of size 80:8 at 0x100a0(+32)
main(1) = 2

Start GC
Phase: init.
  block at 0x10080 (object of size 80 at 0x100a0): unreachable
Phase: mark
  frame 0 (2 roots):
    root 0: skipped (nil)
    root 1: skipped (nil)
Phase: sweep
  block at 0x10080 (object of size 80 at 0x100a0): unreachable
freeing block at 0x10080 (object size: 80)
allocated collectable block of size 112 at 0x100f0, returning object of size 80:8 at 0x10110(+32)
main(2) = 4

Start GC
Phase: init.
  block at 0x100f0 (object of size 80 at 0x10110): unreachable
Phase: mark
  frame 0 (2 roots):
    root 0: skipped (nil)
    root 1: skipped (nil)
Phase: sweep
  block at 0x100f0 (object of size 80 at 0x10110): unreachable
freeing block at 0x100f0 (object size: 80)
allocated collectable block of size 112 at 0x10160, returning object of size 80:8 at 0x10180(+32)
main(3) = 6

Start GC
Phase: init.
  block at 0x10160 (object of size 80 at 0x10180): unreachable
Phase: mark
  frame 0 (2 roots):
    root 0: skipped (nil)
    root 1: skipped (nil)
Phase: sweep
  block at 0x10160 (object of size 80 at 0x10180): unreachable
freeing block at 0x10160 (object size: 80)
allocated collectable block of size 112 at 0x101d0, returning object of size 80:8 at 0x101f0(+32)
main(4) = 8

Start GC
Phase: init.
  block at 0x101d0 (object of size 80 at 0x101f0): unreachable
Phase: mark
  frame 0 (2 roots):
    root 0: skipped (nil)
    root 1: skipped (nil)
Phase: sweep
  block at 0x101d0 (object of size 80 at 0x101f0): unreachable
freeing block at 0x101d0 (object size: 80)
allocated collectable block of size 112 at 0x10240, returning object of size 80:8 at 0x10260(+32)
main(5) = 10

Start GC
Phase: init.
  block at 0x10240 (object of size 80 at 0x10260): unreachable
Phase: mark
  frame 0 (2 roots):
    root 0: skipped (nil)
    root 1: skipped (nil)
Phase: sweep
  block at 0x10240 (object of size 80 at 0x10260): unreachable
freeing block at 0x10240 (object size: 80)
allocated collectable block of size 112 at 0x102b0, returning object of size 80:8 at 0x102d0(+32)
main(6) = 12

Start GC
Phase: init.
  block at 0x102b0 (object of size 80 at 0x102d0): unreachable
Phase: mark
  frame 0 (2 roots):
    root 0: skipped (nil)
    root 1: skipped (nil)
Phase: sweep
  block at 0x102b0 (object of size 80 at 0x102d0): unreachable
freeing block at 0x102b0 (object size: 80)
allocated collectable block of size 112 at 0x10320, returning object of size 80:8 at 0x10340(+32)
main(7) = 14

Start GC
Phase: init.
  block at 0x10320 (object of size 80 at 0x10340): unreachable
Phase: mark
  frame 0 (2 roots):
    root 0: skipped (nil)
    root 1: skipped (nil)
Phase: sweep
  block at 0x10320 (object of size 80 at 0x10340): unreachable
freeing block at 0x10320 (object size: 80)
allocated collectable block of size 112 at 0x10390, returning object of size 80:8 at 0x103b0(+32)
main(8) = 16

Start GC
Phase: init.
  block at 0x10390 (object of size 80 at 0x103b0): unreachable
Phase: mark
  frame 0 (2 roots):
    root 0: skipped (nil)
    root 1: skipped (nil)
Phase: sweep
  block at 0x10390 (object of size 80 at 0x103b0): unreachable
freeing block at 0x10390 (object size: 80)
allocated collectable block of size 112 at 0x10400, returning object of size 80:8 at 0x10420(+32)
main(9) = 18

GC Teardown

Start GC
Phase: init.
  block at 0x10400 (object of size 80 at 0x10420): unreachable
Phase: mark
Phase: sweep
  block at 0x10400 (object of size 80 at 0x10420): unreachable
freeing block at 0x10400 (object size: 80)

Statistics:

  Executions ......  11
  Allocated .......  10 blocks
    Total
      objects       800 bytes
      blocks       1120 bytes
    Max
      objects        80 bytes
      blocks        112 bytes
    End
      objects         0 bytes
      blocks          0 bytes
  Freed ...........  10 blocks
    Total
      objects       800 bytes
      blocks       1120 bytes



stderr:
