---
source: compiler/tests/perimeter_lit_struct.rs
expression: "format!(\"success:{}\\nstdout:\\n{}\\n\\nstderr:\\n{}\", output.status.success(),\n    String :: from_utf8(output.stdout).unwrap(), String ::\n    from_utf8(output.stderr).unwrap())"
---
success:true
stdout:
Initialize GC with log level: 2
Allocate test GC memory pool (16416 bytes): mmap returned 0x10000 (Success)

Start GC
Phase: init.
Phase: mark
  frame 0 (3 roots):
    root 0: skipped (nil)
    root 1: skipped (nil)
    root 2: skipped (nil)
Phase: sweep
allocated collectable block of size 48 at 0x10010, returning object of size 16:8 at 0x10030(+32)

Start GC
Phase: init.
  block at 0x10010 (object of size 16 at 0x10030): unreachable
Phase: mark
  frame 0 (3 roots):
    root 0: skipped (nil)
    root 1: skipped (nil)
    root 2:
      object at 0x10030 (block at 0x10010): 0 pointers, unreachable
Phase: sweep
  block at 0x10010 (object of size 16 at 0x10030): reachable
allocated collectable block of size 48 at 0x10040, returning object of size 16:8 at 0x10060(+32)

Start GC
Phase: init.
  block at 0x10040 (object of size 16 at 0x10060): unreachable
  block at 0x10010 (object of size 16 at 0x10030): unreachable
Phase: mark
  frame 0 (3 roots):
    root 0: skipped (nil)
    root 1:
      object at 0x10060 (block at 0x10040): 0 pointers, unreachable
    root 2:
      object at 0x10030 (block at 0x10010): 0 pointers, unreachable
Phase: sweep
  block at 0x10040 (object of size 16 at 0x10060): reachable
  block at 0x10010 (object of size 16 at 0x10030): reachable
allocated collectable block of size 48 at 0x10070, returning object of size 16:8 at 0x10090(+32)

Start GC
Phase: init.
  block at 0x10070 (object of size 16 at 0x10090): unreachable
  block at 0x10040 (object of size 16 at 0x10060): unreachable
  block at 0x10010 (object of size 16 at 0x10030): unreachable
Phase: mark
  frame 0 (3 roots):
    root 0:
      object at 0x10090 (block at 0x10070): 2 pointers, unreachable
        0. 0x10090(+0) -> 0x10030
        object at 0x10030 (block at 0x10010): 0 pointers, unreachable
        1. 0x10098(+8) -> 0x10060
        object at 0x10060 (block at 0x10040): 0 pointers, unreachable
    root 1:
      object at 0x10060 (block at 0x10040): 0 pointers, reachable
    root 2:
      object at 0x10030 (block at 0x10010): 0 pointers, reachable
Phase: sweep
  block at 0x10070 (object of size 16 at 0x10090): reachable
  block at 0x10040 (object of size 16 at 0x10060): reachable
  block at 0x10010 (object of size 16 at 0x10030): reachable

Start GC
Phase: init.
  block at 0x10070 (object of size 16 at 0x10090): unreachable
  block at 0x10040 (object of size 16 at 0x10060): unreachable
  block at 0x10010 (object of size 16 at 0x10030): unreachable
Phase: mark
  frame 0 (3 roots):
    root 0:
      object at 0x10090 (block at 0x10070): 2 pointers, unreachable
        0. 0x10090(+0) -> 0x10030
        object at 0x10030 (block at 0x10010): 0 pointers, unreachable
        1. 0x10098(+8) -> 0x10060
        object at 0x10060 (block at 0x10040): 0 pointers, unreachable
    root 1:
      object at 0x10060 (block at 0x10040): 0 pointers, reachable
    root 2:
      object at 0x10030 (block at 0x10010): 0 pointers, reachable
Phase: sweep
  block at 0x10070 (object of size 16 at 0x10090): reachable
  block at 0x10040 (object of size 16 at 0x10060): reachable
  block at 0x10010 (object of size 16 at 0x10030): reachable
main(0) = 0

Start GC
Phase: init.
  block at 0x10070 (object of size 16 at 0x10090): unreachable
  block at 0x10040 (object of size 16 at 0x10060): unreachable
  block at 0x10010 (object of size 16 at 0x10030): unreachable
Phase: mark
  frame 0 (3 roots):
    root 0: skipped (nil)
    root 1: skipped (nil)
    root 2: skipped (nil)
Phase: sweep
  block at 0x10070 (object of size 16 at 0x10090): unreachable
freeing block at 0x10070 (object size: 16)
  block at 0x10040 (object of size 16 at 0x10060): unreachable
freeing block at 0x10040 (object size: 16)
  block at 0x10010 (object of size 16 at 0x10030): unreachable
freeing block at 0x10010 (object size: 16)
allocated collectable block of size 48 at 0x100a0, returning object of size 16:8 at 0x100c0(+32)

Start GC
Phase: init.
  block at 0x100a0 (object of size 16 at 0x100c0): unreachable
Phase: mark
  frame 0 (3 roots):
    root 0: skipped (nil)
    root 1: skipped (nil)
    root 2:
      object at 0x100c0 (block at 0x100a0): 0 pointers, unreachable
Phase: sweep
  block at 0x100a0 (object of size 16 at 0x100c0): reachable
allocated collectable block of size 48 at 0x100d0, returning object of size 16:8 at 0x100f0(+32)

Start GC
Phase: init.
  block at 0x100d0 (object of size 16 at 0x100f0): unreachable
  block at 0x100a0 (object of size 16 at 0x100c0): unreachable
Phase: mark
  frame 0 (3 roots):
    root 0: skipped (nil)
    root 1:
      object at 0x100f0 (block at 0x100d0): 0 pointers, unreachable
    root 2:
      object at 0x100c0 (block at 0x100a0): 0 pointers, unreachable
Phase: sweep
  block at 0x100d0 (object of size 16 at 0x100f0): reachable
  block at 0x100a0 (object of size 16 at 0x100c0): reachable
allocated collectable block of size 48 at 0x10100, returning object of size 16:8 at 0x10120(+32)

Start GC
Phase: init.
  block at 0x10100 (object of size 16 at 0x10120): unreachable
  block at 0x100d0 (object of size 16 at 0x100f0): unreachable
  block at 0x100a0 (object of size 16 at 0x100c0): unreachable
Phase: mark
  frame 0 (3 roots):
    root 0:
      object at 0x10120 (block at 0x10100): 2 pointers, unreachable
        0. 0x10120(+0) -> 0x100c0
        object at 0x100c0 (block at 0x100a0): 0 pointers, unreachable
        1. 0x10128(+8) -> 0x100f0
        object at 0x100f0 (block at 0x100d0): 0 pointers, unreachable
    root 1:
      object at 0x100f0 (block at 0x100d0): 0 pointers, reachable
    root 2:
      object at 0x100c0 (block at 0x100a0): 0 pointers, reachable
Phase: sweep
  block at 0x10100 (object of size 16 at 0x10120): reachable
  block at 0x100d0 (object of size 16 at 0x100f0): reachable
  block at 0x100a0 (object of size 16 at 0x100c0): reachable

Start GC
Phase: init.
  block at 0x10100 (object of size 16 at 0x10120): unreachable
  block at 0x100d0 (object of size 16 at 0x100f0): unreachable
  block at 0x100a0 (object of size 16 at 0x100c0): unreachable
Phase: mark
  frame 0 (3 roots):
    root 0:
      object at 0x10120 (block at 0x10100): 2 pointers, unreachable
        0. 0x10120(+0) -> 0x100c0
        object at 0x100c0 (block at 0x100a0): 0 pointers, unreachable
        1. 0x10128(+8) -> 0x100f0
        object at 0x100f0 (block at 0x100d0): 0 pointers, unreachable
    root 1:
      object at 0x100f0 (block at 0x100d0): 0 pointers, reachable
    root 2:
      object at 0x100c0 (block at 0x100a0): 0 pointers, reachable
Phase: sweep
  block at 0x10100 (object of size 16 at 0x10120): reachable
  block at 0x100d0 (object of size 16 at 0x100f0): reachable
  block at 0x100a0 (object of size 16 at 0x100c0): reachable
main(1) = 4

Start GC
Phase: init.
  block at 0x10100 (object of size 16 at 0x10120): unreachable
  block at 0x100d0 (object of size 16 at 0x100f0): unreachable
  block at 0x100a0 (object of size 16 at 0x100c0): unreachable
Phase: mark
  frame 0 (3 roots):
    root 0: skipped (nil)
    root 1: skipped (nil)
    root 2: skipped (nil)
Phase: sweep
  block at 0x10100 (object of size 16 at 0x10120): unreachable
freeing block at 0x10100 (object size: 16)
  block at 0x100d0 (object of size 16 at 0x100f0): unreachable
freeing block at 0x100d0 (object size: 16)
  block at 0x100a0 (object of size 16 at 0x100c0): unreachable
freeing block at 0x100a0 (object size: 16)
allocated collectable block of size 48 at 0x10130, returning object of size 16:8 at 0x10150(+32)

Start GC
Phase: init.
  block at 0x10130 (object of size 16 at 0x10150): unreachable
Phase: mark
  frame 0 (3 roots):
    root 0: skipped (nil)
    root 1: skipped (nil)
    root 2:
      object at 0x10150 (block at 0x10130): 0 pointers, unreachable
Phase: sweep
  block at 0x10130 (object of size 16 at 0x10150): reachable
allocated collectable block of size 48 at 0x10160, returning object of size 16:8 at 0x10180(+32)

Start GC
Phase: init.
  block at 0x10160 (object of size 16 at 0x10180): unreachable
  block at 0x10130 (object of size 16 at 0x10150): unreachable
Phase: mark
  frame 0 (3 roots):
    root 0: skipped (nil)
    root 1:
      object at 0x10180 (block at 0x10160): 0 pointers, unreachable
    root 2:
      object at 0x10150 (block at 0x10130): 0 pointers, unreachable
Phase: sweep
  block at 0x10160 (object of size 16 at 0x10180): reachable
  block at 0x10130 (object of size 16 at 0x10150): reachable
allocated collectable block of size 48 at 0x10190, returning object of size 16:8 at 0x101b0(+32)

Start GC
Phase: init.
  block at 0x10190 (object of size 16 at 0x101b0): unreachable
  block at 0x10160 (object of size 16 at 0x10180): unreachable
  block at 0x10130 (object of size 16 at 0x10150): unreachable
Phase: mark
  frame 0 (3 roots):
    root 0:
      object at 0x101b0 (block at 0x10190): 2 pointers, unreachable
        0. 0x101b0(+0) -> 0x10150
        object at 0x10150 (block at 0x10130): 0 pointers, unreachable
        1. 0x101b8(+8) -> 0x10180
        object at 0x10180 (block at 0x10160): 0 pointers, unreachable
    root 1:
      object at 0x10180 (block at 0x10160): 0 pointers, reachable
    root 2:
      object at 0x10150 (block at 0x10130): 0 pointers, reachable
Phase: sweep
  block at 0x10190 (object of size 16 at 0x101b0): reachable
  block at 0x10160 (object of size 16 at 0x10180): reachable
  block at 0x10130 (object of size 16 at 0x10150): reachable

Start GC
Phase: init.
  block at 0x10190 (object of size 16 at 0x101b0): unreachable
  block at 0x10160 (object of size 16 at 0x10180): unreachable
  block at 0x10130 (object of size 16 at 0x10150): unreachable
Phase: mark
  frame 0 (3 roots):
    root 0:
      object at 0x101b0 (block at 0x10190): 2 pointers, unreachable
        0. 0x101b0(+0) -> 0x10150
        object at 0x10150 (block at 0x10130): 0 pointers, unreachable
        1. 0x101b8(+8) -> 0x10180
        object at 0x10180 (block at 0x10160): 0 pointers, unreachable
    root 1:
      object at 0x10180 (block at 0x10160): 0 pointers, reachable
    root 2:
      object at 0x10150 (block at 0x10130): 0 pointers, reachable
Phase: sweep
  block at 0x10190 (object of size 16 at 0x101b0): reachable
  block at 0x10160 (object of size 16 at 0x10180): reachable
  block at 0x10130 (object of size 16 at 0x10150): reachable
main(2) = 8

Start GC
Phase: init.
  block at 0x10190 (object of size 16 at 0x101b0): unreachable
  block at 0x10160 (object of size 16 at 0x10180): unreachable
  block at 0x10130 (object of size 16 at 0x10150): unreachable
Phase: mark
  frame 0 (3 roots):
    root 0: skipped (nil)
    root 1: skipped (nil)
    root 2: skipped (nil)
Phase: sweep
  block at 0x10190 (object of size 16 at 0x101b0): unreachable
freeing block at 0x10190 (object size: 16)
  block at 0x10160 (object of size 16 at 0x10180): unreachable
freeing block at 0x10160 (object size: 16)
  block at 0x10130 (object of size 16 at 0x10150): unreachable
freeing block at 0x10130 (object size: 16)
allocated collectable block of size 48 at 0x101c0, returning object of size 16:8 at 0x101e0(+32)

Start GC
Phase: init.
  block at 0x101c0 (object of size 16 at 0x101e0): unreachable
Phase: mark
  frame 0 (3 roots):
    root 0: skipped (nil)
    root 1: skipped (nil)
    root 2:
      object at 0x101e0 (block at 0x101c0): 0 pointers, unreachable
Phase: sweep
  block at 0x101c0 (object of size 16 at 0x101e0): reachable
allocated collectable block of size 48 at 0x101f0, returning object of size 16:8 at 0x10210(+32)

Start GC
Phase: init.
  block at 0x101f0 (object of size 16 at 0x10210): unreachable
  block at 0x101c0 (object of size 16 at 0x101e0): unreachable
Phase: mark
  frame 0 (3 roots):
    root 0: skipped (nil)
    root 1:
      object at 0x10210 (block at 0x101f0): 0 pointers, unreachable
    root 2:
      object at 0x101e0 (block at 0x101c0): 0 pointers, unreachable
Phase: sweep
  block at 0x101f0 (object of size 16 at 0x10210): reachable
  block at 0x101c0 (object of size 16 at 0x101e0): reachable
allocated collectable block of size 48 at 0x10220, returning object of size 16:8 at 0x10240(+32)

Start GC
Phase: init.
  block at 0x10220 (object of size 16 at 0x10240): unreachable
  block at 0x101f0 (object of size 16 at 0x10210): unreachable
  block at 0x101c0 (object of size 16 at 0x101e0): unreachable
Phase: mark
  frame 0 (3 roots):
    root 0:
      object at 0x10240 (block at 0x10220): 2 pointers, unreachable
        0. 0x10240(+0) -> 0x101e0
        object at 0x101e0 (block at 0x101c0): 0 pointers, unreachable
        1. 0x10248(+8) -> 0x10210
        object at 0x10210 (block at 0x101f0): 0 pointers, unreachable
    root 1:
      object at 0x10210 (block at 0x101f0): 0 pointers, reachable
    root 2:
      object at 0x101e0 (block at 0x101c0): 0 pointers, reachable
Phase: sweep
  block at 0x10220 (object of size 16 at 0x10240): reachable
  block at 0x101f0 (object of size 16 at 0x10210): reachable
  block at 0x101c0 (object of size 16 at 0x101e0): reachable

Start GC
Phase: init.
  block at 0x10220 (object of size 16 at 0x10240): unreachable
  block at 0x101f0 (object of size 16 at 0x10210): unreachable
  block at 0x101c0 (object of size 16 at 0x101e0): unreachable
Phase: mark
  frame 0 (3 roots):
    root 0:
      object at 0x10240 (block at 0x10220): 2 pointers, unreachable
        0. 0x10240(+0) -> 0x101e0
        object at 0x101e0 (block at 0x101c0): 0 pointers, unreachable
        1. 0x10248(+8) -> 0x10210
        object at 0x10210 (block at 0x101f0): 0 pointers, unreachable
    root 1:
      object at 0x10210 (block at 0x101f0): 0 pointers, reachable
    root 2:
      object at 0x101e0 (block at 0x101c0): 0 pointers, reachable
Phase: sweep
  block at 0x10220 (object of size 16 at 0x10240): reachable
  block at 0x101f0 (object of size 16 at 0x10210): reachable
  block at 0x101c0 (object of size 16 at 0x101e0): reachable
main(3) = 12

Start GC
Phase: init.
  block at 0x10220 (object of size 16 at 0x10240): unreachable
  block at 0x101f0 (object of size 16 at 0x10210): unreachable
  block at 0x101c0 (object of size 16 at 0x101e0): unreachable
Phase: mark
  frame 0 (3 roots):
    root 0: skipped (nil)
    root 1: skipped (nil)
    root 2: skipped (nil)
Phase: sweep
  block at 0x10220 (object of size 16 at 0x10240): unreachable
freeing block at 0x10220 (object size: 16)
  block at 0x101f0 (object of size 16 at 0x10210): unreachable
freeing block at 0x101f0 (object size: 16)
  block at 0x101c0 (object of size 16 at 0x101e0): unreachable
freeing block at 0x101c0 (object size: 16)
allocated collectable block of size 48 at 0x10250, returning object of size 16:8 at 0x10270(+32)

Start GC
Phase: init.
  block at 0x10250 (object of size 16 at 0x10270): unreachable
Phase: mark
  frame 0 (3 roots):
    root 0: skipped (nil)
    root 1: skipped (nil)
    root 2:
      object at 0x10270 (block at 0x10250): 0 pointers, unreachable
Phase: sweep
  block at 0x10250 (object of size 16 at 0x10270): reachable
allocated collectable block of size 48 at 0x10280, returning object of size 16:8 at 0x102a0(+32)

Start GC
Phase: init.
  block at 0x10280 (object of size 16 at 0x102a0): unreachable
  block at 0x10250 (object of size 16 at 0x10270): unreachable
Phase: mark
  frame 0 (3 roots):
    root 0: skipped (nil)
    root 1:
      object at 0x102a0 (block at 0x10280): 0 pointers, unreachable
    root 2:
      object at 0x10270 (block at 0x10250): 0 pointers, unreachable
Phase: sweep
  block at 0x10280 (object of size 16 at 0x102a0): reachable
  block at 0x10250 (object of size 16 at 0x10270): reachable
allocated collectable block of size 48 at 0x102b0, returning object of size 16:8 at 0x102d0(+32)

Start GC
Phase: init.
  block at 0x102b0 (object of size 16 at 0x102d0): unreachable
  block at 0x10280 (object of size 16 at 0x102a0): unreachable
  block at 0x10250 (object of size 16 at 0x10270): unreachable
Phase: mark
  frame 0 (3 roots):
    root 0:
      object at 0x102d0 (block at 0x102b0): 2 pointers, unreachable
        0. 0x102d0(+0) -> 0x10270
        object at 0x10270 (block at 0x10250): 0 pointers, unreachable
        1. 0x102d8(+8) -> 0x102a0
        object at 0x102a0 (block at 0x10280): 0 pointers, unreachable
    root 1:
      object at 0x102a0 (block at 0x10280): 0 pointers, reachable
    root 2:
      object at 0x10270 (block at 0x10250): 0 pointers, reachable
Phase: sweep
  block at 0x102b0 (object of size 16 at 0x102d0): reachable
  block at 0x10280 (object of size 16 at 0x102a0): reachable
  block at 0x10250 (object of size 16 at 0x10270): reachable

Start GC
Phase: init.
  block at 0x102b0 (object of size 16 at 0x102d0): unreachable
  block at 0x10280 (object of size 16 at 0x102a0): unreachable
  block at 0x10250 (object of size 16 at 0x10270): unreachable
Phase: mark
  frame 0 (3 roots):
    root 0:
      object at 0x102d0 (block at 0x102b0): 2 pointers, unreachable
        0. 0x102d0(+0) -> 0x10270
        object at 0x10270 (block at 0x10250): 0 pointers, unreachable
        1. 0x102d8(+8) -> 0x102a0
        object at 0x102a0 (block at 0x10280): 0 pointers, unreachable
    root 1:
      object at 0x102a0 (block at 0x10280): 0 pointers, reachable
    root 2:
      object at 0x10270 (block at 0x10250): 0 pointers, reachable
Phase: sweep
  block at 0x102b0 (object of size 16 at 0x102d0): reachable
  block at 0x10280 (object of size 16 at 0x102a0): reachable
  block at 0x10250 (object of size 16 at 0x10270): reachable
main(4) = 16

Start GC
Phase: init.
  block at 0x102b0 (object of size 16 at 0x102d0): unreachable
  block at 0x10280 (object of size 16 at 0x102a0): unreachable
  block at 0x10250 (object of size 16 at 0x10270): unreachable
Phase: mark
  frame 0 (3 roots):
    root 0: skipped (nil)
    root 1: skipped (nil)
    root 2: skipped (nil)
Phase: sweep
  block at 0x102b0 (object of size 16 at 0x102d0): unreachable
freeing block at 0x102b0 (object size: 16)
  block at 0x10280 (object of size 16 at 0x102a0): unreachable
freeing block at 0x10280 (object size: 16)
  block at 0x10250 (object of size 16 at 0x10270): unreachable
freeing block at 0x10250 (object size: 16)
allocated collectable block of size 48 at 0x102e0, returning object of size 16:8 at 0x10300(+32)

Start GC
Phase: init.
  block at 0x102e0 (object of size 16 at 0x10300): unreachable
Phase: mark
  frame 0 (3 roots):
    root 0: skipped (nil)
    root 1: skipped (nil)
    root 2:
      object at 0x10300 (block at 0x102e0): 0 pointers, unreachable
Phase: sweep
  block at 0x102e0 (object of size 16 at 0x10300): reachable
allocated collectable block of size 48 at 0x10310, returning object of size 16:8 at 0x10330(+32)

Start GC
Phase: init.
  block at 0x10310 (object of size 16 at 0x10330): unreachable
  block at 0x102e0 (object of size 16 at 0x10300): unreachable
Phase: mark
  frame 0 (3 roots):
    root 0: skipped (nil)
    root 1:
      object at 0x10330 (block at 0x10310): 0 pointers, unreachable
    root 2:
      object at 0x10300 (block at 0x102e0): 0 pointers, unreachable
Phase: sweep
  block at 0x10310 (object of size 16 at 0x10330): reachable
  block at 0x102e0 (object of size 16 at 0x10300): reachable
allocated collectable block of size 48 at 0x10340, returning object of size 16:8 at 0x10360(+32)

Start GC
Phase: init.
  block at 0x10340 (object of size 16 at 0x10360): unreachable
  block at 0x10310 (object of size 16 at 0x10330): unreachable
  block at 0x102e0 (object of size 16 at 0x10300): unreachable
Phase: mark
  frame 0 (3 roots):
    root 0:
      object at 0x10360 (block at 0x10340): 2 pointers, unreachable
        0. 0x10360(+0) -> 0x10300
        object at 0x10300 (block at 0x102e0): 0 pointers, unreachable
        1. 0x10368(+8) -> 0x10330
        object at 0x10330 (block at 0x10310): 0 pointers, unreachable
    root 1:
      object at 0x10330 (block at 0x10310): 0 pointers, reachable
    root 2:
      object at 0x10300 (block at 0x102e0): 0 pointers, reachable
Phase: sweep
  block at 0x10340 (object of size 16 at 0x10360): reachable
  block at 0x10310 (object of size 16 at 0x10330): reachable
  block at 0x102e0 (object of size 16 at 0x10300): reachable

Start GC
Phase: init.
  block at 0x10340 (object of size 16 at 0x10360): unreachable
  block at 0x10310 (object of size 16 at 0x10330): unreachable
  block at 0x102e0 (object of size 16 at 0x10300): unreachable
Phase: mark
  frame 0 (3 roots):
    root 0:
      object at 0x10360 (block at 0x10340): 2 pointers, unreachable
        0. 0x10360(+0) -> 0x10300
        object at 0x10300 (block at 0x102e0): 0 pointers, unreachable
        1. 0x10368(+8) -> 0x10330
        object at 0x10330 (block at 0x10310): 0 pointers, unreachable
    root 1:
      object at 0x10330 (block at 0x10310): 0 pointers, reachable
    root 2:
      object at 0x10300 (block at 0x102e0): 0 pointers, reachable
Phase: sweep
  block at 0x10340 (object of size 16 at 0x10360): reachable
  block at 0x10310 (object of size 16 at 0x10330): reachable
  block at 0x102e0 (object of size 16 at 0x10300): reachable
main(5) = 20

Start GC
Phase: init.
  block at 0x10340 (object of size 16 at 0x10360): unreachable
  block at 0x10310 (object of size 16 at 0x10330): unreachable
  block at 0x102e0 (object of size 16 at 0x10300): unreachable
Phase: mark
  frame 0 (3 roots):
    root 0: skipped (nil)
    root 1: skipped (nil)
    root 2: skipped (nil)
Phase: sweep
  block at 0x10340 (object of size 16 at 0x10360): unreachable
freeing block at 0x10340 (object size: 16)
  block at 0x10310 (object of size 16 at 0x10330): unreachable
freeing block at 0x10310 (object size: 16)
  block at 0x102e0 (object of size 16 at 0x10300): unreachable
freeing block at 0x102e0 (object size: 16)
allocated collectable block of size 48 at 0x10370, returning object of size 16:8 at 0x10390(+32)

Start GC
Phase: init.
  block at 0x10370 (object of size 16 at 0x10390): unreachable
Phase: mark
  frame 0 (3 roots):
    root 0: skipped (nil)
    root 1: skipped (nil)
    root 2:
      object at 0x10390 (block at 0x10370): 0 pointers, unreachable
Phase: sweep
  block at 0x10370 (object of size 16 at 0x10390): reachable
allocated collectable block of size 48 at 0x103a0, returning object of size 16:8 at 0x103c0(+32)

Start GC
Phase: init.
  block at 0x103a0 (object of size 16 at 0x103c0): unreachable
  block at 0x10370 (object of size 16 at 0x10390): unreachable
Phase: mark
  frame 0 (3 roots):
    root 0: skipped (nil)
    root 1:
      object at 0x103c0 (block at 0x103a0): 0 pointers, unreachable
    root 2:
      object at 0x10390 (block at 0x10370): 0 pointers, unreachable
Phase: sweep
  block at 0x103a0 (object of size 16 at 0x103c0): reachable
  block at 0x10370 (object of size 16 at 0x10390): reachable
allocated collectable block of size 48 at 0x103d0, returning object of size 16:8 at 0x103f0(+32)

Start GC
Phase: init.
  block at 0x103d0 (object of size 16 at 0x103f0): unreachable
  block at 0x103a0 (object of size 16 at 0x103c0): unreachable
  block at 0x10370 (object of size 16 at 0x10390): unreachable
Phase: mark
  frame 0 (3 roots):
    root 0:
      object at 0x103f0 (block at 0x103d0): 2 pointers, unreachable
        0. 0x103f0(+0) -> 0x10390
        object at 0x10390 (block at 0x10370): 0 pointers, unreachable
        1. 0x103f8(+8) -> 0x103c0
        object at 0x103c0 (block at 0x103a0): 0 pointers, unreachable
    root 1:
      object at 0x103c0 (block at 0x103a0): 0 pointers, reachable
    root 2:
      object at 0x10390 (block at 0x10370): 0 pointers, reachable
Phase: sweep
  block at 0x103d0 (object of size 16 at 0x103f0): reachable
  block at 0x103a0 (object of size 16 at 0x103c0): reachable
  block at 0x10370 (object of size 16 at 0x10390): reachable

Start GC
Phase: init.
  block at 0x103d0 (object of size 16 at 0x103f0): unreachable
  block at 0x103a0 (object of size 16 at 0x103c0): unreachable
  block at 0x10370 (object of size 16 at 0x10390): unreachable
Phase: mark
  frame 0 (3 roots):
    root 0:
      object at 0x103f0 (block at 0x103d0): 2 pointers, unreachable
        0. 0x103f0(+0) -> 0x10390
        object at 0x10390 (block at 0x10370): 0 pointers, unreachable
        1. 0x103f8(+8) -> 0x103c0
        object at 0x103c0 (block at 0x103a0): 0 pointers, unreachable
    root 1:
      object at 0x103c0 (block at 0x103a0): 0 pointers, reachable
    root 2:
      object at 0x10390 (block at 0x10370): 0 pointers, reachable
Phase: sweep
  block at 0x103d0 (object of size 16 at 0x103f0): reachable
  block at 0x103a0 (object of size 16 at 0x103c0): reachable
  block at 0x10370 (object of size 16 at 0x10390): reachable
main(6) = 24

Start GC
Phase: init.
  block at 0x103d0 (object of size 16 at 0x103f0): unreachable
  block at 0x103a0 (object of size 16 at 0x103c0): unreachable
  block at 0x10370 (object of size 16 at 0x10390): unreachable
Phase: mark
  frame 0 (3 roots):
    root 0: skipped (nil)
    root 1: skipped (nil)
    root 2: skipped (nil)
Phase: sweep
  block at 0x103d0 (object of size 16 at 0x103f0): unreachable
freeing block at 0x103d0 (object size: 16)
  block at 0x103a0 (object of size 16 at 0x103c0): unreachable
freeing block at 0x103a0 (object size: 16)
  block at 0x10370 (object of size 16 at 0x10390): unreachable
freeing block at 0x10370 (object size: 16)
allocated collectable block of size 48 at 0x10400, returning object of size 16:8 at 0x10420(+32)

Start GC
Phase: init.
  block at 0x10400 (object of size 16 at 0x10420): unreachable
Phase: mark
  frame 0 (3 roots):
    root 0: skipped (nil)
    root 1: skipped (nil)
    root 2:
      object at 0x10420 (block at 0x10400): 0 pointers, unreachable
Phase: sweep
  block at 0x10400 (object of size 16 at 0x10420): reachable
allocated collectable block of size 48 at 0x10430, returning object of size 16:8 at 0x10450(+32)

Start GC
Phase: init.
  block at 0x10430 (object of size 16 at 0x10450): unreachable
  block at 0x10400 (object of size 16 at 0x10420): unreachable
Phase: mark
  frame 0 (3 roots):
    root 0: skipped (nil)
    root 1:
      object at 0x10450 (block at 0x10430): 0 pointers, unreachable
    root 2:
      object at 0x10420 (block at 0x10400): 0 pointers, unreachable
Phase: sweep
  block at 0x10430 (object of size 16 at 0x10450): reachable
  block at 0x10400 (object of size 16 at 0x10420): reachable
allocated collectable block of size 48 at 0x10460, returning object of size 16:8 at 0x10480(+32)

Start GC
Phase: init.
  block at 0x10460 (object of size 16 at 0x10480): unreachable
  block at 0x10430 (object of size 16 at 0x10450): unreachable
  block at 0x10400 (object of size 16 at 0x10420): unreachable
Phase: mark
  frame 0 (3 roots):
    root 0:
      object at 0x10480 (block at 0x10460): 2 pointers, unreachable
        0. 0x10480(+0) -> 0x10420
        object at 0x10420 (block at 0x10400): 0 pointers, unreachable
        1. 0x10488(+8) -> 0x10450
        object at 0x10450 (block at 0x10430): 0 pointers, unreachable
    root 1:
      object at 0x10450 (block at 0x10430): 0 pointers, reachable
    root 2:
      object at 0x10420 (block at 0x10400): 0 pointers, reachable
Phase: sweep
  block at 0x10460 (object of size 16 at 0x10480): reachable
  block at 0x10430 (object of size 16 at 0x10450): reachable
  block at 0x10400 (object of size 16 at 0x10420): reachable

Start GC
Phase: init.
  block at 0x10460 (object of size 16 at 0x10480): unreachable
  block at 0x10430 (object of size 16 at 0x10450): unreachable
  block at 0x10400 (object of size 16 at 0x10420): unreachable
Phase: mark
  frame 0 (3 roots):
    root 0:
      object at 0x10480 (block at 0x10460): 2 pointers, unreachable
        0. 0x10480(+0) -> 0x10420
        object at 0x10420 (block at 0x10400): 0 pointers, unreachable
        1. 0x10488(+8) -> 0x10450
        object at 0x10450 (block at 0x10430): 0 pointers, unreachable
    root 1:
      object at 0x10450 (block at 0x10430): 0 pointers, reachable
    root 2:
      object at 0x10420 (block at 0x10400): 0 pointers, reachable
Phase: sweep
  block at 0x10460 (object of size 16 at 0x10480): reachable
  block at 0x10430 (object of size 16 at 0x10450): reachable
  block at 0x10400 (object of size 16 at 0x10420): reachable
main(7) = 28

Start GC
Phase: init.
  block at 0x10460 (object of size 16 at 0x10480): unreachable
  block at 0x10430 (object of size 16 at 0x10450): unreachable
  block at 0x10400 (object of size 16 at 0x10420): unreachable
Phase: mark
  frame 0 (3 roots):
    root 0: skipped (nil)
    root 1: skipped (nil)
    root 2: skipped (nil)
Phase: sweep
  block at 0x10460 (object of size 16 at 0x10480): unreachable
freeing block at 0x10460 (object size: 16)
  block at 0x10430 (object of size 16 at 0x10450): unreachable
freeing block at 0x10430 (object size: 16)
  block at 0x10400 (object of size 16 at 0x10420): unreachable
freeing block at 0x10400 (object size: 16)
allocated collectable block of size 48 at 0x10490, returning object of size 16:8 at 0x104b0(+32)

Start GC
Phase: init.
  block at 0x10490 (object of size 16 at 0x104b0): unreachable
Phase: mark
  frame 0 (3 roots):
    root 0: skipped (nil)
    root 1: skipped (nil)
    root 2:
      object at 0x104b0 (block at 0x10490): 0 pointers, unreachable
Phase: sweep
  block at 0x10490 (object of size 16 at 0x104b0): reachable
allocated collectable block of size 48 at 0x104c0, returning object of size 16:8 at 0x104e0(+32)

Start GC
Phase: init.
  block at 0x104c0 (object of size 16 at 0x104e0): unreachable
  block at 0x10490 (object of size 16 at 0x104b0): unreachable
Phase: mark
  frame 0 (3 roots):
    root 0: skipped (nil)
    root 1:
      object at 0x104e0 (block at 0x104c0): 0 pointers, unreachable
    root 2:
      object at 0x104b0 (block at 0x10490): 0 pointers, unreachable
Phase: sweep
  block at 0x104c0 (object of size 16 at 0x104e0): reachable
  block at 0x10490 (object of size 16 at 0x104b0): reachable
allocated collectable block of size 48 at 0x104f0, returning object of size 16:8 at 0x10510(+32)

Start GC
Phase: init.
  block at 0x104f0 (object of size 16 at 0x10510): unreachable
  block at 0x104c0 (object of size 16 at 0x104e0): unreachable
  block at 0x10490 (object of size 16 at 0x104b0): unreachable
Phase: mark
  frame 0 (3 roots):
    root 0:
      object at 0x10510 (block at 0x104f0): 2 pointers, unreachable
        0. 0x10510(+0) -> 0x104b0
        object at 0x104b0 (block at 0x10490): 0 pointers, unreachable
        1. 0x10518(+8) -> 0x104e0
        object at 0x104e0 (block at 0x104c0): 0 pointers, unreachable
    root 1:
      object at 0x104e0 (block at 0x104c0): 0 pointers, reachable
    root 2:
      object at 0x104b0 (block at 0x10490): 0 pointers, reachable
Phase: sweep
  block at 0x104f0 (object of size 16 at 0x10510): reachable
  block at 0x104c0 (object of size 16 at 0x104e0): reachable
  block at 0x10490 (object of size 16 at 0x104b0): reachable

Start GC
Phase: init.
  block at 0x104f0 (object of size 16 at 0x10510): unreachable
  block at 0x104c0 (object of size 16 at 0x104e0): unreachable
  block at 0x10490 (object of size 16 at 0x104b0): unreachable
Phase: mark
  frame 0 (3 roots):
    root 0:
      object at 0x10510 (block at 0x104f0): 2 pointers, unreachable
        0. 0x10510(+0) -> 0x104b0
        object at 0x104b0 (block at 0x10490): 0 pointers, unreachable
        1. 0x10518(+8) -> 0x104e0
        object at 0x104e0 (block at 0x104c0): 0 pointers, unreachable
    root 1:
      object at 0x104e0 (block at 0x104c0): 0 pointers, reachable
    root 2:
      object at 0x104b0 (block at 0x10490): 0 pointers, reachable
Phase: sweep
  block at 0x104f0 (object of size 16 at 0x10510): reachable
  block at 0x104c0 (object of size 16 at 0x104e0): reachable
  block at 0x10490 (object of size 16 at 0x104b0): reachable
main(8) = 32

Start GC
Phase: init.
  block at 0x104f0 (object of size 16 at 0x10510): unreachable
  block at 0x104c0 (object of size 16 at 0x104e0): unreachable
  block at 0x10490 (object of size 16 at 0x104b0): unreachable
Phase: mark
  frame 0 (3 roots):
    root 0: skipped (nil)
    root 1: skipped (nil)
    root 2: skipped (nil)
Phase: sweep
  block at 0x104f0 (object of size 16 at 0x10510): unreachable
freeing block at 0x104f0 (object size: 16)
  block at 0x104c0 (object of size 16 at 0x104e0): unreachable
freeing block at 0x104c0 (object size: 16)
  block at 0x10490 (object of size 16 at 0x104b0): unreachable
freeing block at 0x10490 (object size: 16)
allocated collectable block of size 48 at 0x10520, returning object of size 16:8 at 0x10540(+32)

Start GC
Phase: init.
  block at 0x10520 (object of size 16 at 0x10540): unreachable
Phase: mark
  frame 0 (3 roots):
    root 0: skipped (nil)
    root 1: skipped (nil)
    root 2:
      object at 0x10540 (block at 0x10520): 0 pointers, unreachable
Phase: sweep
  block at 0x10520 (object of size 16 at 0x10540): reachable
allocated collectable block of size 48 at 0x10550, returning object of size 16:8 at 0x10570(+32)

Start GC
Phase: init.
  block at 0x10550 (object of size 16 at 0x10570): unreachable
  block at 0x10520 (object of size 16 at 0x10540): unreachable
Phase: mark
  frame 0 (3 roots):
    root 0: skipped (nil)
    root 1:
      object at 0x10570 (block at 0x10550): 0 pointers, unreachable
    root 2:
      object at 0x10540 (block at 0x10520): 0 pointers, unreachable
Phase: sweep
  block at 0x10550 (object of size 16 at 0x10570): reachable
  block at 0x10520 (object of size 16 at 0x10540): reachable
allocated collectable block of size 48 at 0x10580, returning object of size 16:8 at 0x105a0(+32)

Start GC
Phase: init.
  block at 0x10580 (object of size 16 at 0x105a0): unreachable
  block at 0x10550 (object of size 16 at 0x10570): unreachable
  block at 0x10520 (object of size 16 at 0x10540): unreachable
Phase: mark
  frame 0 (3 roots):
    root 0:
      object at 0x105a0 (block at 0x10580): 2 pointers, unreachable
        0. 0x105a0(+0) -> 0x10540
        object at 0x10540 (block at 0x10520): 0 pointers, unreachable
        1. 0x105a8(+8) -> 0x10570
        object at 0x10570 (block at 0x10550): 0 pointers, unreachable
    root 1:
      object at 0x10570 (block at 0x10550): 0 pointers, reachable
    root 2:
      object at 0x10540 (block at 0x10520): 0 pointers, reachable
Phase: sweep
  block at 0x10580 (object of size 16 at 0x105a0): reachable
  block at 0x10550 (object of size 16 at 0x10570): reachable
  block at 0x10520 (object of size 16 at 0x10540): reachable

Start GC
Phase: init.
  block at 0x10580 (object of size 16 at 0x105a0): unreachable
  block at 0x10550 (object of size 16 at 0x10570): unreachable
  block at 0x10520 (object of size 16 at 0x10540): unreachable
Phase: mark
  frame 0 (3 roots):
    root 0:
      object at 0x105a0 (block at 0x10580): 2 pointers, unreachable
        0. 0x105a0(+0) -> 0x10540
        object at 0x10540 (block at 0x10520): 0 pointers, unreachable
        1. 0x105a8(+8) -> 0x10570
        object at 0x10570 (block at 0x10550): 0 pointers, unreachable
    root 1:
      object at 0x10570 (block at 0x10550): 0 pointers, reachable
    root 2:
      object at 0x10540 (block at 0x10520): 0 pointers, reachable
Phase: sweep
  block at 0x10580 (object of size 16 at 0x105a0): reachable
  block at 0x10550 (object of size 16 at 0x10570): reachable
  block at 0x10520 (object of size 16 at 0x10540): reachable
main(9) = 36

GC Teardown

Start GC
Phase: init.
  block at 0x10580 (object of size 16 at 0x105a0): unreachable
  block at 0x10550 (object of size 16 at 0x10570): unreachable
  block at 0x10520 (object of size 16 at 0x10540): unreachable
Phase: mark
Phase: sweep
  block at 0x10580 (object of size 16 at 0x105a0): unreachable
freeing block at 0x10580 (object size: 16)
  block at 0x10550 (object of size 16 at 0x10570): unreachable
freeing block at 0x10550 (object size: 16)
  block at 0x10520 (object of size 16 at 0x10540): unreachable
freeing block at 0x10520 (object size: 16)

Statistics:

  Executions ......  51
  Allocated .......  30 blocks
    Total
      objects       480 bytes
      blocks       1440 bytes
    Max
      objects        48 bytes
      blocks        144 bytes
    End
      objects         0 bytes
      blocks          0 bytes
  Freed ...........  30 blocks
    Total
      objects       480 bytes
      blocks       1440 bytes



stderr:
