---
source: compiler/tests/structs_simple.rs
expression: "format!(\"success:{}\\nstdout:\\n{}\\n\\nstderr:\\n{}\", output.status.success(),\n    String :: from_utf8(output.stdout).unwrap(), String ::\n    from_utf8(output.stderr).unwrap())"
---
success:true
stdout:
Initialize GC with log level: 2
Allocate test GC memory pool (4130 bytes): mmap returned 0x10000 (Success)
Start GC
  frame 0 (1 roots):
    root 0: skipped (nil)
allocated block of size 32 at 0x10010, returning object of size 8 at 0x10028(+24)
Start GC
  block at 0x10010 (object of size 8 at 0x10028): unreachable
  frame 0 (1 roots):
    root 0:
      object at 0x10028 (block at 0x10010): 0 pointers, unreachable
  block at 0x10010 (object of size 8 at 0x10028): reachable
Start GC
  block at 0x10010 (object of size 8 at 0x10028): unreachable
  frame 0 (1 roots):
    root 0:
      object at 0x10028 (block at 0x10010): 0 pointers, unreachable
  block at 0x10010 (object of size 8 at 0x10028): reachable
f(0) = 1
Start GC
  block at 0x10010 (object of size 8 at 0x10028): unreachable
  frame 0 (1 roots):
    root 0: skipped (nil)
  block at 0x10010 (object of size 8 at 0x10028): unreachable
freeing block at 0x10010 (object size: 8)
allocated block of size 32 at 0x10030, returning object of size 8 at 0x10048(+24)
Start GC
  block at 0x10030 (object of size 8 at 0x10048): unreachable
  frame 0 (1 roots):
    root 0:
      object at 0x10048 (block at 0x10030): 0 pointers, unreachable
  block at 0x10030 (object of size 8 at 0x10048): reachable
Start GC
  block at 0x10030 (object of size 8 at 0x10048): unreachable
  frame 0 (1 roots):
    root 0:
      object at 0x10048 (block at 0x10030): 0 pointers, unreachable
  block at 0x10030 (object of size 8 at 0x10048): reachable
f(1) = 3
Start GC
  block at 0x10030 (object of size 8 at 0x10048): unreachable
  frame 0 (1 roots):
    root 0: skipped (nil)
  block at 0x10030 (object of size 8 at 0x10048): unreachable
freeing block at 0x10030 (object size: 8)
allocated block of size 32 at 0x10050, returning object of size 8 at 0x10068(+24)
Start GC
  block at 0x10050 (object of size 8 at 0x10068): unreachable
  frame 0 (1 roots):
    root 0:
      object at 0x10068 (block at 0x10050): 0 pointers, unreachable
  block at 0x10050 (object of size 8 at 0x10068): reachable
Start GC
  block at 0x10050 (object of size 8 at 0x10068): unreachable
  frame 0 (1 roots):
    root 0:
      object at 0x10068 (block at 0x10050): 0 pointers, unreachable
  block at 0x10050 (object of size 8 at 0x10068): reachable
f(2) = 5
Start GC
  block at 0x10050 (object of size 8 at 0x10068): unreachable
  frame 0 (1 roots):
    root 0: skipped (nil)
  block at 0x10050 (object of size 8 at 0x10068): unreachable
freeing block at 0x10050 (object size: 8)
allocated block of size 32 at 0x10070, returning object of size 8 at 0x10088(+24)
Start GC
  block at 0x10070 (object of size 8 at 0x10088): unreachable
  frame 0 (1 roots):
    root 0:
      object at 0x10088 (block at 0x10070): 0 pointers, unreachable
  block at 0x10070 (object of size 8 at 0x10088): reachable
Start GC
  block at 0x10070 (object of size 8 at 0x10088): unreachable
  frame 0 (1 roots):
    root 0:
      object at 0x10088 (block at 0x10070): 0 pointers, unreachable
  block at 0x10070 (object of size 8 at 0x10088): reachable
f(3) = 7
Start GC
  block at 0x10070 (object of size 8 at 0x10088): unreachable
  frame 0 (1 roots):
    root 0: skipped (nil)
  block at 0x10070 (object of size 8 at 0x10088): unreachable
freeing block at 0x10070 (object size: 8)
allocated block of size 32 at 0x10090, returning object of size 8 at 0x100a8(+24)
Start GC
  block at 0x10090 (object of size 8 at 0x100a8): unreachable
  frame 0 (1 roots):
    root 0:
      object at 0x100a8 (block at 0x10090): 0 pointers, unreachable
  block at 0x10090 (object of size 8 at 0x100a8): reachable
Start GC
  block at 0x10090 (object of size 8 at 0x100a8): unreachable
  frame 0 (1 roots):
    root 0:
      object at 0x100a8 (block at 0x10090): 0 pointers, unreachable
  block at 0x10090 (object of size 8 at 0x100a8): reachable
f(4) = 9
Start GC
  block at 0x10090 (object of size 8 at 0x100a8): unreachable
  frame 0 (1 roots):
    root 0: skipped (nil)
  block at 0x10090 (object of size 8 at 0x100a8): unreachable
freeing block at 0x10090 (object size: 8)
allocated block of size 32 at 0x100b0, returning object of size 8 at 0x100c8(+24)
Start GC
  block at 0x100b0 (object of size 8 at 0x100c8): unreachable
  frame 0 (1 roots):
    root 0:
      object at 0x100c8 (block at 0x100b0): 0 pointers, unreachable
  block at 0x100b0 (object of size 8 at 0x100c8): reachable
Start GC
  block at 0x100b0 (object of size 8 at 0x100c8): unreachable
  frame 0 (1 roots):
    root 0:
      object at 0x100c8 (block at 0x100b0): 0 pointers, unreachable
  block at 0x100b0 (object of size 8 at 0x100c8): reachable
f(5) = 11
Start GC
  block at 0x100b0 (object of size 8 at 0x100c8): unreachable
  frame 0 (1 roots):
    root 0: skipped (nil)
  block at 0x100b0 (object of size 8 at 0x100c8): unreachable
freeing block at 0x100b0 (object size: 8)
allocated block of size 32 at 0x100d0, returning object of size 8 at 0x100e8(+24)
Start GC
  block at 0x100d0 (object of size 8 at 0x100e8): unreachable
  frame 0 (1 roots):
    root 0:
      object at 0x100e8 (block at 0x100d0): 0 pointers, unreachable
  block at 0x100d0 (object of size 8 at 0x100e8): reachable
Start GC
  block at 0x100d0 (object of size 8 at 0x100e8): unreachable
  frame 0 (1 roots):
    root 0:
      object at 0x100e8 (block at 0x100d0): 0 pointers, unreachable
  block at 0x100d0 (object of size 8 at 0x100e8): reachable
f(6) = 13
Start GC
  block at 0x100d0 (object of size 8 at 0x100e8): unreachable
  frame 0 (1 roots):
    root 0: skipped (nil)
  block at 0x100d0 (object of size 8 at 0x100e8): unreachable
freeing block at 0x100d0 (object size: 8)
allocated block of size 32 at 0x100f0, returning object of size 8 at 0x10108(+24)
Start GC
  block at 0x100f0 (object of size 8 at 0x10108): unreachable
  frame 0 (1 roots):
    root 0:
      object at 0x10108 (block at 0x100f0): 0 pointers, unreachable
  block at 0x100f0 (object of size 8 at 0x10108): reachable
Start GC
  block at 0x100f0 (object of size 8 at 0x10108): unreachable
  frame 0 (1 roots):
    root 0:
      object at 0x10108 (block at 0x100f0): 0 pointers, unreachable
  block at 0x100f0 (object of size 8 at 0x10108): reachable
f(7) = 15
Start GC
  block at 0x100f0 (object of size 8 at 0x10108): unreachable
  frame 0 (1 roots):
    root 0: skipped (nil)
  block at 0x100f0 (object of size 8 at 0x10108): unreachable
freeing block at 0x100f0 (object size: 8)
allocated block of size 32 at 0x10110, returning object of size 8 at 0x10128(+24)
Start GC
  block at 0x10110 (object of size 8 at 0x10128): unreachable
  frame 0 (1 roots):
    root 0:
      object at 0x10128 (block at 0x10110): 0 pointers, unreachable
  block at 0x10110 (object of size 8 at 0x10128): reachable
Start GC
  block at 0x10110 (object of size 8 at 0x10128): unreachable
  frame 0 (1 roots):
    root 0:
      object at 0x10128 (block at 0x10110): 0 pointers, unreachable
  block at 0x10110 (object of size 8 at 0x10128): reachable
f(8) = 17
Start GC
  block at 0x10110 (object of size 8 at 0x10128): unreachable
  frame 0 (1 roots):
    root 0: skipped (nil)
  block at 0x10110 (object of size 8 at 0x10128): unreachable
freeing block at 0x10110 (object size: 8)
allocated block of size 32 at 0x10130, returning object of size 8 at 0x10148(+24)
Start GC
  block at 0x10130 (object of size 8 at 0x10148): unreachable
  frame 0 (1 roots):
    root 0:
      object at 0x10148 (block at 0x10130): 0 pointers, unreachable
  block at 0x10130 (object of size 8 at 0x10148): reachable
Start GC
  block at 0x10130 (object of size 8 at 0x10148): unreachable
  frame 0 (1 roots):
    root 0:
      object at 0x10148 (block at 0x10130): 0 pointers, unreachable
  block at 0x10130 (object of size 8 at 0x10148): reachable
f(9) = 19

Statistics:

  Executions              30
  Alloc                   10 blocks
  Free                     9 blocks
  Total alloc            320 bytes
  Object alloc            80 bytes
  Total free             288 bytes
  Object free             72 bytes
  Max alloc               32 bytes
  Max object alloc         8 bytes
  Current alloc           32 bytes
  Current object alloc     8 bytes



stderr:
