---
source: compiler/tests/structs_simple.rs
expression: "format!(\"success:{}\\nstdout:\\n{}\\n\\nstderr:\\n{}\", output.status.success(),\n    String :: from_utf8(output.stdout).unwrap(), String ::\n    from_utf8(output.stderr).unwrap())"
---
success:true
stdout:
Initialize GC with log level: 2
Allocate test GC memory pool (16416 bytes): mmap returned 0x10000 (Success)

Start GC
Phase: init.
Phase: mark
  frame 0 (1 roots):
    root 0: skipped (nil)
Phase: sweep
allocated collectable block of size 40 at 0x10010, returning object of size 8:8 at 0x10030(+32)

Start GC
Phase: init.
  block at 0x10010 (object of size 8 at 0x10030): unreachable
Phase: mark
  frame 0 (1 roots):
    root 0:
      object at 0x10030 (block at 0x10010): 0 pointers, unreachable
Phase: sweep
  block at 0x10010 (object of size 8 at 0x10030): reachable

Start GC
Phase: init.
  block at 0x10010 (object of size 8 at 0x10030): unreachable
Phase: mark
  frame 0 (1 roots):
    root 0:
      object at 0x10030 (block at 0x10010): 0 pointers, unreachable
Phase: sweep
  block at 0x10010 (object of size 8 at 0x10030): reachable
main(0) = 1

Start GC
Phase: init.
  block at 0x10010 (object of size 8 at 0x10030): unreachable
Phase: mark
  frame 0 (1 roots):
    root 0: skipped (nil)
Phase: sweep
  block at 0x10010 (object of size 8 at 0x10030): unreachable
freeing block at 0x10010 (object size: 8)
allocated collectable block of size 40 at 0x10038, returning object of size 8:8 at 0x10058(+32)

Start GC
Phase: init.
  block at 0x10038 (object of size 8 at 0x10058): unreachable
Phase: mark
  frame 0 (1 roots):
    root 0:
      object at 0x10058 (block at 0x10038): 0 pointers, unreachable
Phase: sweep
  block at 0x10038 (object of size 8 at 0x10058): reachable

Start GC
Phase: init.
  block at 0x10038 (object of size 8 at 0x10058): unreachable
Phase: mark
  frame 0 (1 roots):
    root 0:
      object at 0x10058 (block at 0x10038): 0 pointers, unreachable
Phase: sweep
  block at 0x10038 (object of size 8 at 0x10058): reachable
main(1) = 3

Start GC
Phase: init.
  block at 0x10038 (object of size 8 at 0x10058): unreachable
Phase: mark
  frame 0 (1 roots):
    root 0: skipped (nil)
Phase: sweep
  block at 0x10038 (object of size 8 at 0x10058): unreachable
freeing block at 0x10038 (object size: 8)
allocated collectable block of size 40 at 0x10060, returning object of size 8:8 at 0x10080(+32)

Start GC
Phase: init.
  block at 0x10060 (object of size 8 at 0x10080): unreachable
Phase: mark
  frame 0 (1 roots):
    root 0:
      object at 0x10080 (block at 0x10060): 0 pointers, unreachable
Phase: sweep
  block at 0x10060 (object of size 8 at 0x10080): reachable

Start GC
Phase: init.
  block at 0x10060 (object of size 8 at 0x10080): unreachable
Phase: mark
  frame 0 (1 roots):
    root 0:
      object at 0x10080 (block at 0x10060): 0 pointers, unreachable
Phase: sweep
  block at 0x10060 (object of size 8 at 0x10080): reachable
main(2) = 5

Start GC
Phase: init.
  block at 0x10060 (object of size 8 at 0x10080): unreachable
Phase: mark
  frame 0 (1 roots):
    root 0: skipped (nil)
Phase: sweep
  block at 0x10060 (object of size 8 at 0x10080): unreachable
freeing block at 0x10060 (object size: 8)
allocated collectable block of size 40 at 0x10088, returning object of size 8:8 at 0x100a8(+32)

Start GC
Phase: init.
  block at 0x10088 (object of size 8 at 0x100a8): unreachable
Phase: mark
  frame 0 (1 roots):
    root 0:
      object at 0x100a8 (block at 0x10088): 0 pointers, unreachable
Phase: sweep
  block at 0x10088 (object of size 8 at 0x100a8): reachable

Start GC
Phase: init.
  block at 0x10088 (object of size 8 at 0x100a8): unreachable
Phase: mark
  frame 0 (1 roots):
    root 0:
      object at 0x100a8 (block at 0x10088): 0 pointers, unreachable
Phase: sweep
  block at 0x10088 (object of size 8 at 0x100a8): reachable
main(3) = 7

Start GC
Phase: init.
  block at 0x10088 (object of size 8 at 0x100a8): unreachable
Phase: mark
  frame 0 (1 roots):
    root 0: skipped (nil)
Phase: sweep
  block at 0x10088 (object of size 8 at 0x100a8): unreachable
freeing block at 0x10088 (object size: 8)
allocated collectable block of size 40 at 0x100b0, returning object of size 8:8 at 0x100d0(+32)

Start GC
Phase: init.
  block at 0x100b0 (object of size 8 at 0x100d0): unreachable
Phase: mark
  frame 0 (1 roots):
    root 0:
      object at 0x100d0 (block at 0x100b0): 0 pointers, unreachable
Phase: sweep
  block at 0x100b0 (object of size 8 at 0x100d0): reachable

Start GC
Phase: init.
  block at 0x100b0 (object of size 8 at 0x100d0): unreachable
Phase: mark
  frame 0 (1 roots):
    root 0:
      object at 0x100d0 (block at 0x100b0): 0 pointers, unreachable
Phase: sweep
  block at 0x100b0 (object of size 8 at 0x100d0): reachable
main(4) = 9

Start GC
Phase: init.
  block at 0x100b0 (object of size 8 at 0x100d0): unreachable
Phase: mark
  frame 0 (1 roots):
    root 0: skipped (nil)
Phase: sweep
  block at 0x100b0 (object of size 8 at 0x100d0): unreachable
freeing block at 0x100b0 (object size: 8)
allocated collectable block of size 40 at 0x100d8, returning object of size 8:8 at 0x100f8(+32)

Start GC
Phase: init.
  block at 0x100d8 (object of size 8 at 0x100f8): unreachable
Phase: mark
  frame 0 (1 roots):
    root 0:
      object at 0x100f8 (block at 0x100d8): 0 pointers, unreachable
Phase: sweep
  block at 0x100d8 (object of size 8 at 0x100f8): reachable

Start GC
Phase: init.
  block at 0x100d8 (object of size 8 at 0x100f8): unreachable
Phase: mark
  frame 0 (1 roots):
    root 0:
      object at 0x100f8 (block at 0x100d8): 0 pointers, unreachable
Phase: sweep
  block at 0x100d8 (object of size 8 at 0x100f8): reachable
main(5) = 11

Start GC
Phase: init.
  block at 0x100d8 (object of size 8 at 0x100f8): unreachable
Phase: mark
  frame 0 (1 roots):
    root 0: skipped (nil)
Phase: sweep
  block at 0x100d8 (object of size 8 at 0x100f8): unreachable
freeing block at 0x100d8 (object size: 8)
allocated collectable block of size 40 at 0x10100, returning object of size 8:8 at 0x10120(+32)

Start GC
Phase: init.
  block at 0x10100 (object of size 8 at 0x10120): unreachable
Phase: mark
  frame 0 (1 roots):
    root 0:
      object at 0x10120 (block at 0x10100): 0 pointers, unreachable
Phase: sweep
  block at 0x10100 (object of size 8 at 0x10120): reachable

Start GC
Phase: init.
  block at 0x10100 (object of size 8 at 0x10120): unreachable
Phase: mark
  frame 0 (1 roots):
    root 0:
      object at 0x10120 (block at 0x10100): 0 pointers, unreachable
Phase: sweep
  block at 0x10100 (object of size 8 at 0x10120): reachable
main(6) = 13

Start GC
Phase: init.
  block at 0x10100 (object of size 8 at 0x10120): unreachable
Phase: mark
  frame 0 (1 roots):
    root 0: skipped (nil)
Phase: sweep
  block at 0x10100 (object of size 8 at 0x10120): unreachable
freeing block at 0x10100 (object size: 8)
allocated collectable block of size 40 at 0x10128, returning object of size 8:8 at 0x10148(+32)

Start GC
Phase: init.
  block at 0x10128 (object of size 8 at 0x10148): unreachable
Phase: mark
  frame 0 (1 roots):
    root 0:
      object at 0x10148 (block at 0x10128): 0 pointers, unreachable
Phase: sweep
  block at 0x10128 (object of size 8 at 0x10148): reachable

Start GC
Phase: init.
  block at 0x10128 (object of size 8 at 0x10148): unreachable
Phase: mark
  frame 0 (1 roots):
    root 0:
      object at 0x10148 (block at 0x10128): 0 pointers, unreachable
Phase: sweep
  block at 0x10128 (object of size 8 at 0x10148): reachable
main(7) = 15

Start GC
Phase: init.
  block at 0x10128 (object of size 8 at 0x10148): unreachable
Phase: mark
  frame 0 (1 roots):
    root 0: skipped (nil)
Phase: sweep
  block at 0x10128 (object of size 8 at 0x10148): unreachable
freeing block at 0x10128 (object size: 8)
allocated collectable block of size 40 at 0x10150, returning object of size 8:8 at 0x10170(+32)

Start GC
Phase: init.
  block at 0x10150 (object of size 8 at 0x10170): unreachable
Phase: mark
  frame 0 (1 roots):
    root 0:
      object at 0x10170 (block at 0x10150): 0 pointers, unreachable
Phase: sweep
  block at 0x10150 (object of size 8 at 0x10170): reachable

Start GC
Phase: init.
  block at 0x10150 (object of size 8 at 0x10170): unreachable
Phase: mark
  frame 0 (1 roots):
    root 0:
      object at 0x10170 (block at 0x10150): 0 pointers, unreachable
Phase: sweep
  block at 0x10150 (object of size 8 at 0x10170): reachable
main(8) = 17

Start GC
Phase: init.
  block at 0x10150 (object of size 8 at 0x10170): unreachable
Phase: mark
  frame 0 (1 roots):
    root 0: skipped (nil)
Phase: sweep
  block at 0x10150 (object of size 8 at 0x10170): unreachable
freeing block at 0x10150 (object size: 8)
allocated collectable block of size 40 at 0x10178, returning object of size 8:8 at 0x10198(+32)

Start GC
Phase: init.
  block at 0x10178 (object of size 8 at 0x10198): unreachable
Phase: mark
  frame 0 (1 roots):
    root 0:
      object at 0x10198 (block at 0x10178): 0 pointers, unreachable
Phase: sweep
  block at 0x10178 (object of size 8 at 0x10198): reachable

Start GC
Phase: init.
  block at 0x10178 (object of size 8 at 0x10198): unreachable
Phase: mark
  frame 0 (1 roots):
    root 0:
      object at 0x10198 (block at 0x10178): 0 pointers, unreachable
Phase: sweep
  block at 0x10178 (object of size 8 at 0x10198): reachable
main(9) = 19

GC Teardown

Start GC
Phase: init.
  block at 0x10178 (object of size 8 at 0x10198): unreachable
Phase: mark
Phase: sweep
  block at 0x10178 (object of size 8 at 0x10198): unreachable
freeing block at 0x10178 (object size: 8)

Statistics:

  Executions ......  31
  Allocated .......  10 blocks
    Total
      objects        80 bytes
      blocks        400 bytes
    Max
      objects         8 bytes
      blocks         40 bytes
    End
      objects         0 bytes
      blocks          0 bytes
  Freed ...........  10 blocks
    Total
      objects        80 bytes
      blocks        400 bytes



stderr:
